........................                                                 [100%]
Wrote benchmark data in: <_io.BufferedWriter name='f64.json'>


----------------------------------------------------------------------------------- benchmark 'circuit': 24 tests ------------------------------------------------------------------------------------
Name (time in ms)             Min                    Max                   Mean            StdDev                 Median               IQR            Outliers       OPS            Rounds  Iterations
------------------------------------------------------------------------------------------------------------------------------------------------------------------------------------------------------
test[4]                    4.8597 (1.0)           6.0966 (1.0)           4.9009 (1.0)      0.0880 (8.56)          4.8851 (1.0)      0.0365 (4.71)          3;3  204.0458 (1.0)         200           1
test[5]                    6.0550 (1.25)          6.6111 (1.08)          6.0933 (1.24)     0.0445 (4.33)          6.0909 (1.25)     0.0146 (1.88)         4;14  164.1157 (0.80)        164           1
test[6]                    7.2384 (1.49)          7.4015 (1.21)          7.2670 (1.48)     0.0198 (1.92)          7.2637 (1.49)     0.0169 (2.18)        26;10  137.6081 (0.67)        137           1
test[7]                    8.4370 (1.74)          8.5774 (1.41)          8.4735 (1.73)     0.0191 (1.86)          8.4701 (1.73)     0.0183 (2.36)         22;6  118.0152 (0.58)        119           1
test[8]                    9.5812 (1.97)         10.3929 (1.70)          9.6417 (1.97)     0.0898 (8.74)          9.6136 (1.97)     0.0403 (5.20)        11;16  103.7165 (0.51)        104           1
test[9]                   10.7526 (2.21)         11.4023 (1.87)         10.7936 (2.20)     0.0695 (6.77)         10.7815 (2.21)     0.0185 (2.39)          3;7   92.6475 (0.45)         93           1
test[10]                  11.9873 (2.47)         12.9030 (2.12)         12.0490 (2.46)     0.0963 (9.37)         12.0389 (2.46)     0.0261 (3.37)          1;1   82.9941 (0.41)         84           1
test[11]                  13.2947 (2.74)         13.9910 (2.29)         13.3360 (2.72)     0.0802 (7.80)         13.3214 (2.73)     0.0382 (4.93)          1;2   74.9848 (0.37)         75           1
test[12]                  14.4557 (2.97)         14.5502 (2.39)         14.4935 (2.96)     0.0209 (2.04)         14.4918 (2.97)     0.0275 (3.55)         26;1   68.9963 (0.34)         70           1
test[13]                  15.6508 (3.22)         16.0825 (2.64)         15.6830 (3.20)     0.0539 (5.24)         15.6734 (3.21)     0.0211 (2.73)          1;2   63.7634 (0.31)         64           1
test[14]                  16.8844 (3.47)         17.0582 (2.80)         16.9314 (3.45)     0.0317 (3.08)         16.9301 (3.47)     0.0341 (4.40)         14;2   59.0618 (0.29)         60           1
test[15]                  18.1192 (3.73)         18.2645 (3.00)         18.1844 (3.71)     0.0350 (3.40)         18.1919 (3.72)     0.0516 (6.66)         21;0   54.9923 (0.27)         55           1
test[16]                  19.1293 (3.94)         19.2913 (3.16)         19.1978 (3.92)     0.0339 (3.30)         19.1981 (3.93)     0.0375 (4.85)         14;1   52.0893 (0.26)         53           1
test[17]                  21.5650 (4.44)         21.6975 (3.56)         21.5836 (4.40)     0.0188 (1.83)         21.5802 (4.42)     0.0121 (1.57)          1;1   46.3314 (0.23)         47           1
test[18]                  29.5573 (6.08)         29.6056 (4.86)         29.5809 (6.04)     0.0103 (1.0)          29.5814 (6.06)     0.0149 (1.92)         11;0   33.8056 (0.17)         34           1
test[19]                  48.8188 (10.05)        48.8786 (8.02)         48.8421 (9.97)     0.0130 (1.27)         48.8408 (10.00)    0.0077 (1.0)           6;4   20.4741 (0.10)         21           1
test[20]                  82.8836 (17.06)        82.9392 (13.60)        82.9141 (16.92)    0.0172 (1.67)         82.9103 (16.97)    0.0244 (3.15)          3;0   12.0607 (0.06)         13           1
test[21]                 248.8875 (51.22)       249.0984 (40.86)       248.9791 (50.80)    0.0789 (7.68)        248.9639 (50.96)    0.0998 (12.88)         2;0    4.0164 (0.02)          5           1
test[22]                 597.7437 (123.00)      597.8998 (98.07)       597.8153 (121.98)   0.0556 (5.41)        597.8120 (122.37)   0.0451 (5.82)          2;0    1.6728 (0.01)          5           1
test[23]               1,217.8579 (250.61)    1,217.9910 (199.78)    1,217.9199 (248.51)   0.0509 (4.95)      1,217.9053 (249.31)   0.0705 (9.10)          2;0    0.8211 (0.00)          5           1
test[24]               2,500.1305 (514.47)    2,500.3983 (410.13)    2,500.2704 (510.17)   0.1112 (10.82)     2,500.2485 (511.81)   0.1855 (23.95)         2;0    0.4000 (0.00)          5           1
test[25]               5,162.6760 (>1000.0)   5,163.0662 (846.88)    5,162.9296 (>1000.0)  0.1507 (14.66)     5,162.9788 (>1000.0)  0.1571 (20.28)         1;0    0.1937 (0.00)          5           1
test[26]              10,686.1342 (>1000.0)  10,686.4983 (>1000.0)  10,686.3759 (>1000.0)  0.1409 (13.71)    10,686.4078 (>1000.0)  0.1270 (16.40)         1;1    0.0936 (0.00)          5           1
test[27]              22,131.8199 (>1000.0)  22,132.0598 (>1000.0)  22,131.9496 (>1000.0)  0.0985 (9.59)     22,131.9796 (>1000.0)  0.1599 (20.65)         2;0    0.0452 (0.00)          5           1
------------------------------------------------------------------------------------------------------------------------------------------------------------------------------------------------------

Legend:
  Outliers: 1 Standard Deviation from Mean; 1.5 IQR (InterQuartile Range) from 1st Quartile and 3rd Quartile.
  OPS: Operations Per Second, computed as 1 / Mean
24 passed in 361.29s (0:06:01)
