........................                                                 [100%]
Wrote benchmark data in: <_io.BufferedWriter name='f64.json'>


-------------------------------------------------------------------------------------- benchmark 'circuit': 24 tests ---------------------------------------------------------------------------------------
Name (time in ms)             Min                    Max                   Mean              StdDev                 Median                   IQR            Outliers       OPS            Rounds  Iterations
------------------------------------------------------------------------------------------------------------------------------------------------------------------------------------------------------------
test[4]                    1.6841 (1.0)           1.9038 (1.0)           1.7427 (1.0)        0.0516 (1.0)           1.7267 (1.0)          0.0254 (1.0)         38;37  573.8221 (1.0)         284           1
test[5]                    2.1166 (1.26)          3.9874 (2.09)          2.3018 (1.32)       0.1439 (2.79)          2.3360 (1.35)         0.1859 (7.33)       106;19  434.4440 (0.76)        459           1
test[6]                    3.1747 (1.89)          4.8685 (2.56)          3.7326 (2.14)       0.2734 (5.30)          3.8528 (2.23)         0.1103 (4.35)        69;69  267.9111 (0.47)        306           1
test[7]                    4.3248 (2.57)          4.6649 (2.45)          4.4574 (2.56)       0.0615 (1.19)          4.4564 (2.58)         0.0820 (3.23)         70;4  224.3472 (0.39)        224           1
test[8]                    4.5278 (2.69)          8.8494 (4.65)          5.0309 (2.89)       0.3419 (6.63)          5.0636 (2.93)         0.1739 (6.86)        20;20  198.7704 (0.35)        202           1
test[9]                    5.3745 (3.19)          5.9504 (3.13)          5.7491 (3.30)       0.1042 (2.02)          5.7665 (3.34)         0.1157 (4.56)         42;9  173.9414 (0.30)        172           1
test[11]                   6.0198 (3.57)          6.3276 (3.32)          6.1359 (3.52)       0.0531 (1.03)          6.1304 (3.55)         0.0699 (2.76)         52;2  162.9752 (0.28)        162           1
test[13]                   6.4694 (3.84)          7.7755 (4.08)          6.7351 (3.86)       0.2848 (5.52)          6.6318 (3.84)         0.1024 (4.04)        18;23  148.4759 (0.26)        130           1
test[10]                   6.5744 (3.90)          7.4025 (3.89)          6.7548 (3.88)       0.0914 (1.77)          6.7591 (3.91)         0.1086 (4.28)         36;1  148.0423 (0.26)        149           1
test[12]                   6.6748 (3.96)          7.4622 (3.92)          7.0848 (4.07)       0.0701 (1.36)          7.0786 (4.10)         0.0737 (2.90)         24;4  141.1468 (0.25)        142           1
test[14]                   8.0283 (4.77)          8.9440 (4.70)          8.2163 (4.71)       0.1680 (3.26)          8.1774 (4.74)         0.0831 (3.28)        17;14  121.7088 (0.21)        123           1
test[15]                   9.1626 (5.44)          9.8916 (5.20)          9.3334 (5.36)       0.1585 (3.07)          9.2843 (5.38)         0.1114 (4.39)        17;13  107.1423 (0.19)        109           1
test[16]                  12.2803 (7.29)         13.0569 (6.86)         12.5222 (7.19)       0.1809 (3.51)         12.4817 (7.23)         0.0915 (3.61)        14;10   79.8579 (0.14)         81           1
test[17]                  17.8387 (10.59)        18.5943 (9.77)         18.0196 (10.34)      0.1902 (3.69)         17.9538 (10.40)        0.1195 (4.71)          8;8   55.4951 (0.10)         54           1
test[18]                  25.4447 (15.11)        29.8260 (15.67)        28.7476 (16.50)      1.0954 (21.23)        29.0482 (16.82)        0.4681 (18.46)         4;7   34.7855 (0.06)         36           1
test[19]                  38.4872 (22.85)        51.7973 (27.21)        49.3702 (28.33)      4.3064 (83.45)        51.1477 (29.62)        1.4442 (56.95)         3;4   20.2551 (0.04)         22           1
test[20]                  68.2910 (40.55)        96.4341 (50.65)        87.6759 (50.31)      9.7798 (189.52)       87.3445 (50.59)       14.8140 (584.13)        2;0   11.4056 (0.02)         15           1
test[21]                  91.7516 (54.48)       187.8836 (98.69)       140.2005 (80.45)     35.6248 (690.38)      137.2358 (79.48)       71.1762 (>1000.0)       5;0    7.1326 (0.01)         11           1
test[22]                 162.4940 (96.49)       251.4099 (132.06)      193.0034 (110.75)    31.9038 (618.27)      182.5604 (105.73)      43.2574 (>1000.0)       1;0    5.1813 (0.01)          7           1
test[23]                 375.9617 (223.24)      528.9784 (277.86)      422.4501 (242.41)    62.8158 (>1000.0)     403.9558 (233.95)      72.9293 (>1000.0)       1;0    2.3671 (0.00)          5           1
test[24]               1,401.9585 (832.46)    1,527.8426 (802.53)    1,480.3152 (849.44)    47.0130 (911.07)    1,488.3860 (861.99)      43.0004 (>1000.0)       2;0    0.6755 (0.00)          5           1
test[25]               2,891.5064 (>1000.0)   2,997.5477 (>1000.0)   2,945.0872 (>1000.0)   37.6085 (728.82)    2,947.6112 (>1000.0)     32.0466 (>1000.0)       2;0    0.3395 (0.00)          5           1
test[26]               8,010.3609 (>1000.0)   9,289.8486 (>1000.0)   8,526.5665 (>1000.0)  648.0715 (>1000.0)   8,090.2779 (>1000.0)  1,156.8332 (>1000.0)       2;0    0.1173 (0.00)          5           1
test[27]              14,844.8978 (>1000.0)  15,288.4721 (>1000.0)  15,035.7660 (>1000.0)  167.0912 (>1000.0)  15,005.0732 (>1000.0)    216.7458 (>1000.0)       2;0    0.0665 (0.00)          5           1
------------------------------------------------------------------------------------------------------------------------------------------------------------------------------------------------------------

Legend:
  Outliers: 1 Standard Deviation from Mean; 1.5 IQR (InterQuartile Range) from 1st Quartile and 3rd Quartile.
  OPS: Operations Per Second, computed as 1 / Mean
24 passed in 252.56s (0:04:12)
