...................                                                      [100%]
Wrote benchmark data in: <_io.BufferedWriter name='f64_st.json'>


----------------------------------------------------------------------------------------------- benchmark 'circuit': 19 tests -----------------------------------------------------------------------------------------------
Name (time in us)                Min                       Max                      Mean                StdDev                    Median                   IQR            Outliers          OPS            Rounds  Iterations
-----------------------------------------------------------------------------------------------------------------------------------------------------------------------------------------------------------------------------
test[4]                      28.2330 (1.0)            253.2410 (1.55)            28.5953 (1.0)          1.5028 (1.0)             28.3970 (1.0)          0.0601 (1.07)     512;4299  34,970.7745 (1.0)       31742           1
test[5]                      36.0762 (1.28)           247.2373 (1.51)            36.4777 (1.28)         1.6299 (1.08)            36.2061 (1.27)         0.0559 (1.0)     2501;3413  27,413.9720 (0.78)      26934           1
test[6]                      47.8406 (1.69)           204.2442 (1.25)            48.3885 (1.69)         1.6065 (1.07)            48.0250 (1.69)         0.0778 (1.39)    2101;2925  20,666.0694 (0.59)      20496           1
test[7]                      69.5051 (2.46)           163.3861 (1.0)             70.3025 (2.46)         1.8653 (1.24)            69.7612 (2.46)         0.1104 (1.98)    1413;2307  14,224.2486 (0.41)      14157           1
test[8]                     113.0668 (4.00)           212.4822 (1.30)           114.0939 (3.99)         2.3745 (1.58)           113.4211 (3.99)         0.1700 (3.04)     625;1533   8,764.7130 (0.25)       8737           1
test[9]                     204.4300 (7.24)           294.3757 (1.80)           206.0039 (7.20)         3.6903 (2.46)           204.8593 (7.21)         1.1445 (20.48)     320;341   4,854.2762 (0.14)       4747           1
test[10]                    400.1190 (14.17)          489.4221 (3.00)           403.7609 (14.12)        7.9774 (5.31)           400.5120 (14.10)        1.3388 (23.96)     293;300   2,476.7134 (0.07)       2491           1
test[11]                    831.8941 (29.47)          971.7480 (5.95)           839.8064 (29.37)       16.0987 (10.71)          833.6077 (29.36)        0.7330 (13.12)     158;293   1,190.7507 (0.03)       1197           1
test[12]                  1,747.9388 (61.91)        1,931.0219 (11.82)        1,762.3800 (61.63)       30.2555 (20.13)        1,750.0545 (61.63)        1.8850 (33.73)      76;103     567.4145 (0.02)        572           1
test[13]                  3,709.2459 (131.38)       3,992.7540 (24.44)        3,737.3591 (130.70)      57.5664 (38.31)        3,711.3975 (130.70)       6.0820 (108.84)      40;61     267.5686 (0.01)        270           1
test[14]                  7,945.3071 (281.42)       8,403.6230 (51.43)        8,004.5495 (279.93)     105.0440 (69.90)        7,949.7756 (279.95)      89.4605 (>1000.0)      14;9     124.9290 (0.00)        126           1
test[15]                 17,040.4054 (603.56)      17,619.4534 (107.84)      17,207.7135 (601.77)     127.4560 (84.81)       17,194.3610 (605.50)     173.9964 (>1000.0)      22;1      58.1135 (0.00)         59           1
test[16]                 36,644.7009 (>1000.0)     37,796.1150 (231.33)      36,823.4368 (>1000.0)    237.8263 (158.26)      36,745.8593 (>1000.0)    189.8170 (>1000.0)       3;3      27.1566 (0.00)         28           1
test[17]                 78,873.0560 (>1000.0)     79,524.0109 (486.72)      79,202.5106 (>1000.0)    216.7083 (144.20)      79,139.8827 (>1000.0)    349.4670 (>1000.0)       4;0      12.6259 (0.00)         13           1
test[18]                166,883.2409 (>1000.0)    167,731.2898 (>1000.0)    167,263.1026 (>1000.0)    347.4944 (231.23)     167,137.4000 (>1000.0)    615.7630 (>1000.0)       3;0       5.9786 (0.00)          6           1
test[19]                386,640.3629 (>1000.0)    387,831.0290 (>1000.0)    387,237.7093 (>1000.0)    423.4932 (281.80)     387,262.9679 (>1000.0)    390.5680 (>1000.0)       2;0       2.5824 (0.00)          5           1
test[20]                880,083.3570 (>1000.0)    883,159.2747 (>1000.0)    882,006.5916 (>1000.0)  1,260.3878 (838.70)     882,317.8778 (>1000.0)  1,893.6988 (>1000.0)       1;0       1.1338 (0.00)          5           1
test[21]              2,152,687.6590 (>1000.0)  2,155,648.2157 (>1000.0)  2,154,083.5341 (>1000.0)  1,412.5935 (939.98)   2,153,928.5053 (>1000.0)  2,741.6297 (>1000.0)       1;0       0.4642 (0.00)          5           1
test[22]              5,003,898.5284 (>1000.0)  5,009,025.9649 (>1000.0)  5,007,088.2425 (>1000.0)  2,221.2112 (>1000.0)  5,008,226.7378 (>1000.0)  3,532.7239 (>1000.0)       1;0       0.1997 (0.00)          5           1
-----------------------------------------------------------------------------------------------------------------------------------------------------------------------------------------------------------------------------

Legend:
  Outliers: 1 Standard Deviation from Mean; 1.5 IQR (InterQuartile Range) from 1st Quartile and 3rd Quartile.
  OPS: Operations Per Second, computed as 1 / Mean
19 passed in 86.97s (0:01:26)
