......................                                                   [100%]
Wrote benchmark data in: <_io.BufferedWriter name='f64.json'>


--------------------------------------------------------------------------------- benchmark 'circuit': 22 tests ---------------------------------------------------------------------------------
Name (time in ms)            Min                   Max                  Mean            StdDev                Median               IQR            Outliers      OPS            Rounds  Iterations
-------------------------------------------------------------------------------------------------------------------------------------------------------------------------------------------------
test[4]                  30.2435 (1.0)         32.0297 (1.0)         30.4183 (1.0)      0.3125 (1.03)        30.3700 (1.0)      0.1169 (1.99)          1;1  32.8749 (1.0)          30           1
test[5]                  37.1827 (1.23)        38.9497 (1.22)        37.5100 (1.23)     0.3024 (1.0)         37.4607 (1.23)     0.0588 (1.0)           2;6  26.6595 (0.81)         27           1
test[6]                  44.6215 (1.48)        46.5083 (1.45)        44.8260 (1.47)     0.3755 (1.24)        44.7510 (1.47)     0.0799 (1.36)          1;2  22.3085 (0.68)         23           1
test[7]                  53.4922 (1.77)        56.0291 (1.75)        53.9706 (1.77)     0.7005 (2.32)        53.7310 (1.77)     0.2776 (4.72)          3;3  18.5286 (0.56)         19           1
test[8]                  61.2980 (2.03)        62.8983 (1.96)        61.5915 (2.02)     0.3688 (1.22)        61.5053 (2.03)     0.1753 (2.98)          1;2  16.2360 (0.49)         17           1
test[9]                  69.1774 (2.29)        70.6238 (2.20)        69.4620 (2.28)     0.4087 (1.35)        69.3393 (2.28)     0.1380 (2.35)          2;3  14.3964 (0.44)         15           1
test[10]                 76.8645 (2.54)        78.6739 (2.46)        77.3209 (2.54)     0.5806 (1.92)        77.1411 (2.54)     0.3560 (6.05)          2;2  12.9331 (0.39)         13           1
test[11]                 85.1616 (2.82)        86.6563 (2.71)        85.4861 (2.81)     0.3866 (1.28)        85.3890 (2.81)     0.1433 (2.44)          1;1  11.6978 (0.36)         12           1
test[12]                 93.2048 (3.08)        95.5610 (2.98)        93.8518 (3.09)     0.6096 (2.02)        93.7142 (3.09)     0.3552 (6.04)          2;1  10.6551 (0.32)         11           1
test[13]                102.0517 (3.37)       104.0514 (3.25)       102.5552 (3.37)     0.5803 (1.92)       102.3468 (3.37)     0.3190 (5.43)          1;1   9.7508 (0.30)         10           1
test[14]                111.2544 (3.68)       113.9786 (3.56)       112.2508 (3.69)     0.7737 (2.56)       112.2928 (3.70)     0.9417 (16.01)         3;1   8.9086 (0.27)         10           1
test[15]                119.6858 (3.96)       121.2307 (3.78)       120.2357 (3.95)     0.5169 (1.71)       120.0236 (3.95)     0.7816 (13.29)         2;0   8.3170 (0.25)          9           1
test[16]                130.1618 (4.30)       132.1248 (4.13)       130.7525 (4.30)     0.6129 (2.03)       130.6723 (4.30)     0.5145 (8.75)          1;1   7.6480 (0.23)          8           1
test[17]                140.6592 (4.65)       141.6706 (4.42)       140.9950 (4.64)     0.3986 (1.32)       140.7953 (4.64)     0.5414 (9.21)          2;0   7.0925 (0.22)          8           1
test[18]                150.6678 (4.98)       153.0132 (4.78)       151.5886 (4.98)     0.7933 (2.62)       151.3825 (4.98)     0.9293 (15.80)         2;0   6.5968 (0.20)          7           1
test[19]                166.9369 (5.52)       168.7069 (5.27)       167.6241 (5.51)     0.6819 (2.26)       167.4269 (5.51)     1.0635 (18.09)         3;0   5.9657 (0.18)          7           1
test[20]                205.9624 (6.81)       207.7696 (6.49)       206.5362 (6.79)     0.7134 (2.36)       206.3381 (6.79)     0.6628 (11.27)         1;0   4.8418 (0.15)          5           1
test[21]                460.2364 (15.22)      462.6473 (14.44)      461.3984 (15.17)    0.8620 (2.85)       461.3437 (15.19)    0.8596 (14.62)         2;0   2.1673 (0.07)          5           1
test[22]                855.0447 (28.27)      856.0159 (26.73)      855.5600 (28.13)    0.4544 (1.50)       855.7793 (28.18)    0.8156 (13.87)         3;0   1.1688 (0.04)          5           1
test[23]              1,614.8063 (53.39)    1,616.4757 (50.47)    1,615.3221 (53.10)    0.6799 (2.25)     1,615.0872 (53.18)    0.7788 (13.24)         1;0   0.6191 (0.02)          5           1
test[24]              3,178.1142 (105.08)   3,184.8338 (99.43)    3,182.3199 (104.62)   2.5042 (8.28)     3,182.9868 (104.81)   2.0257 (34.45)         2;1   0.3142 (0.01)          5           1
test[25]              6,418.5476 (212.23)   6,421.4377 (200.48)   6,420.0046 (211.06)   1.0404 (3.44)     6,420.0796 (211.40)   1.1278 (19.18)         2;0   0.1558 (0.00)          5           1
-------------------------------------------------------------------------------------------------------------------------------------------------------------------------------------------------

Legend:
  Outliers: 1 Standard Deviation from Mean; 1.5 IQR (InterQuartile Range) from 1st Quartile and 3rd Quartile.
  OPS: Operations Per Second, computed as 1 / Mean
22 passed in 128.79s (0:02:08)
