........................                                                 [100%]
Wrote benchmark data in: <_io.BufferedWriter name='f64.json'>


----------------------------------------------------------------------------------- benchmark 'circuit': 24 tests ------------------------------------------------------------------------------------
Name (time in ms)             Min                    Max                   Mean            StdDev                 Median               IQR            Outliers       OPS            Rounds  Iterations
------------------------------------------------------------------------------------------------------------------------------------------------------------------------------------------------------
test[4]                    5.1169 (1.0)           8.1228 (1.21)          5.1632 (1.0)      0.2201 (13.99)         5.1392 (1.0)      0.0191 (1.0)           2;7  193.6800 (1.0)         189           1
test[5]                    6.4366 (1.26)          6.6887 (1.0)           6.4655 (1.25)     0.0289 (1.84)          6.4599 (1.26)     0.0202 (1.06)         10;9  154.6676 (0.80)        155           1
test[6]                    7.7010 (1.51)          8.5106 (1.27)          7.7448 (1.50)     0.0706 (4.49)          7.7363 (1.51)     0.0210 (1.10)          1;6  129.1197 (0.67)        129           1
test[7]                    8.9911 (1.76)          9.4590 (1.41)          9.0336 (1.75)     0.0447 (2.84)          9.0261 (1.76)     0.0226 (1.18)          3;3  110.6983 (0.57)        111           1
test[8]                   10.3471 (2.02)         11.2714 (1.69)         10.4047 (2.02)     0.0954 (6.07)         10.3900 (2.02)     0.0282 (1.48)          2;4   96.1105 (0.50)         97           1
test[9]                   11.6154 (2.27)         12.5305 (1.87)         11.6948 (2.27)     0.0955 (6.07)         11.6842 (2.27)     0.0413 (2.16)          1;2   85.5079 (0.44)         86           1
test[10]                  12.9239 (2.53)         13.1286 (1.96)         12.9806 (2.51)     0.0291 (1.85)         12.9770 (2.53)     0.0262 (1.37)         13;4   77.0382 (0.40)         78           1
test[11]                  14.2148 (2.78)         14.4709 (2.16)         14.2726 (2.76)     0.0337 (2.14)         14.2724 (2.78)     0.0256 (1.34)         14;3   70.0645 (0.36)         70           1
test[12]                  15.5415 (3.04)         15.9324 (2.38)         15.5993 (3.02)     0.0536 (3.41)         15.5901 (3.03)     0.0481 (2.52)          7;1   64.1056 (0.33)         65           1
test[13]                  16.8581 (3.29)         16.9919 (2.54)         16.9168 (3.28)     0.0299 (1.90)         16.9142 (3.29)     0.0435 (2.28)         20;0   59.1130 (0.31)         60           1
test[14]                  18.1563 (3.55)         18.3112 (2.74)         18.2422 (3.53)     0.0288 (1.83)         18.2457 (3.55)     0.0412 (2.16)         15;1   54.8180 (0.28)         55           1
test[15]                  19.4706 (3.81)         19.9387 (2.98)         19.5678 (3.79)     0.0690 (4.39)         19.5644 (3.81)     0.0671 (3.52)          8;1   51.1044 (0.26)         51           1
test[16]                  20.7701 (4.06)         21.0187 (3.14)         20.8634 (4.04)     0.0463 (2.95)         20.8539 (4.06)     0.0443 (2.32)         10;3   47.9309 (0.25)         48           1
test[17]                  22.1271 (4.32)         22.4460 (3.36)         22.2183 (4.30)     0.0648 (4.12)         22.2125 (4.32)     0.0959 (5.03)         10;1   45.0079 (0.23)         46           1
test[18]                  26.6650 (5.21)         26.7311 (4.00)         26.7018 (5.17)     0.0168 (1.07)         26.7028 (5.20)     0.0223 (1.17)         13;0   37.4507 (0.19)         38           1
test[19]                  39.5812 (7.74)         39.6333 (5.93)         39.6087 (7.67)     0.0157 (1.0)          39.6095 (7.71)     0.0214 (1.12)         11;0   25.2470 (0.13)         26           1
test[20]                  63.9883 (12.51)        64.1787 (9.60)         64.0483 (12.40)    0.0593 (3.77)         64.0277 (12.46)    0.0244 (1.28)          4;3   15.6132 (0.08)         16           1
test[21]                 228.4449 (44.65)       228.6752 (34.19)       228.5508 (44.27)    0.1140 (7.25)        228.5153 (44.46)    0.2215 (11.62)         2;0    4.3754 (0.02)          5           1
test[22]                 575.6975 (112.51)      575.9419 (86.11)       575.8481 (111.53)   0.0975 (6.20)        575.8380 (112.05)   0.1295 (6.79)          1;0    1.7366 (0.01)          5           1
test[23]               1,181.2498 (230.85)    1,181.3654 (176.62)    1,181.3167 (228.80)   0.0498 (3.17)      1,181.3203 (229.86)   0.0867 (4.55)          1;0    0.8465 (0.00)          5           1
test[24]               2,428.7384 (474.65)    2,429.1837 (363.17)    2,428.9617 (470.44)   0.1575 (10.01)     2,428.9631 (472.63)   0.1228 (6.44)          2;0    0.4117 (0.00)          5           1
test[25]               5,017.9315 (980.66)    5,018.4012 (750.28)    5,018.1202 (971.91)   0.1826 (11.61)     5,018.0483 (976.42)   0.2405 (12.62)         2;0    0.1993 (0.00)          5           1
test[26]              10,393.8048 (>1000.0)  10,394.1900 (>1000.0)  10,393.9777 (>1000.0)  0.1706 (10.85)    10,394.0050 (>1000.0)  0.3044 (15.96)         3;0    0.0962 (0.00)          5           1
test[27]              21,534.2964 (>1000.0)  21,535.0742 (>1000.0)  21,534.7337 (>1000.0)  0.3094 (19.67)    21,534.8006 (>1000.0)  0.4767 (25.00)         2;0    0.0464 (0.00)          5           1
------------------------------------------------------------------------------------------------------------------------------------------------------------------------------------------------------

Legend:
  Outliers: 1 Standard Deviation from Mean; 1.5 IQR (InterQuartile Range) from 1st Quartile and 3rd Quartile.
  OPS: Operations Per Second, computed as 1 / Mean
24 passed in 352.36s (0:05:52)
