........................                                                 [100%]
Wrote benchmark data in: <_io.BufferedWriter name='f64.json'>


------------------------------------------------------------------------------------ benchmark 'circuit': 24 tests ------------------------------------------------------------------------------------
Name (time in ms)             Min                    Max                   Mean             StdDev                 Median                IQR            Outliers      OPS            Rounds  Iterations
-------------------------------------------------------------------------------------------------------------------------------------------------------------------------------------------------------
test[4]                   23.3777 (1.0)          38.3419 (1.31)         24.0086 (1.0)       2.9239 (55.20)        23.4205 (1.0)       0.0887 (1.34)          1;1  41.6517 (1.0)          26           1
test[5]                   28.9253 (1.24)         29.1912 (1.0)          29.0344 (1.21)      0.0530 (1.0)          29.0353 (1.24)      0.0790 (1.19)          8;1  34.4419 (0.83)         35           1
test[6]                   34.5281 (1.48)         34.7582 (1.19)         34.6348 (1.44)      0.0618 (1.17)         34.6369 (1.48)      0.0880 (1.33)         11;0  28.8727 (0.69)         29           1
test[7]                   41.4729 (1.77)         42.8545 (1.47)         41.7236 (1.74)      0.2529 (4.77)         41.6887 (1.78)      0.0917 (1.39)          1;3  23.9672 (0.58)         25           1
test[8]                   47.2358 (2.02)         47.5882 (1.63)         47.3964 (1.97)      0.0887 (1.67)         47.3958 (2.02)      0.1038 (1.57)          6;0  21.0987 (0.51)         21           1
test[9]                   53.5109 (2.29)         53.7400 (1.84)         53.6156 (2.23)      0.0625 (1.18)         53.5974 (2.29)      0.0662 (1.0)           6;0  18.6513 (0.45)         19           1
test[10]                  60.0240 (2.57)         60.7035 (2.08)         60.2134 (2.51)      0.1726 (3.26)         60.1482 (2.57)      0.1909 (2.88)          3;1  16.6076 (0.40)         17           1
test[11]                  67.9871 (2.91)         68.9213 (2.36)         68.2734 (2.84)      0.2287 (4.32)         68.2994 (2.92)      0.2569 (3.88)          2;1  14.6470 (0.35)         15           1
test[12]                  74.8141 (3.20)         75.2220 (2.58)         75.0158 (3.12)      0.1068 (2.02)         75.0325 (3.20)      0.1488 (2.25)          4;0  13.3305 (0.32)         14           1
test[13]                  81.5495 (3.49)         82.1250 (2.81)         81.8628 (3.41)      0.1720 (3.25)         81.8885 (3.50)      0.2857 (4.32)          4;0  12.2156 (0.29)         13           1
test[14]                  88.6259 (3.79)         88.9308 (3.05)         88.7668 (3.70)      0.1163 (2.20)         88.7656 (3.79)      0.2325 (3.51)          6;0  11.2655 (0.27)         12           1
test[15]                  95.2983 (4.08)         96.0741 (3.29)         95.4942 (3.98)      0.2268 (4.28)         95.3998 (4.07)      0.2315 (3.50)          1;1  10.4718 (0.25)         11           1
test[16]                 103.0449 (4.41)        104.2883 (3.57)        103.7521 (4.32)      0.3427 (6.47)        103.8003 (4.43)      0.3422 (5.17)          3;1   9.6384 (0.23)         10           1
test[17]                 110.3259 (4.72)        114.9849 (3.94)        112.6326 (4.69)      1.2983 (24.51)       112.7837 (4.82)      1.2058 (18.21)         2;1   8.8784 (0.21)          9           1
test[18]                 128.7085 (5.51)        129.3793 (4.43)        128.9943 (5.37)      0.2318 (4.38)        128.9765 (5.51)      0.3427 (5.18)          2;0   7.7523 (0.19)          8           1
test[19]                 143.5468 (6.14)        151.9479 (5.21)        146.6195 (6.11)      3.4930 (65.94)       144.9999 (6.19)      5.1156 (77.27)         2;0   6.8204 (0.16)          7           1
test[20]                 168.9209 (7.23)        174.0960 (5.96)        171.8744 (7.16)      2.4364 (45.99)       172.5958 (7.37)      4.8479 (73.22)         2;0   5.8182 (0.14)          6           1
test[21]                 350.5025 (14.99)       351.0063 (12.02)       350.7642 (14.61)     0.1936 (3.65)        350.7224 (14.97)     0.2726 (4.12)          2;0   2.8509 (0.07)          5           1
test[22]                 721.1563 (30.85)       722.2703 (24.74)       721.4796 (30.05)     0.4569 (8.63)        721.3176 (30.80)     0.4694 (7.09)          1;0   1.3860 (0.03)          5           1
test[23]               1,366.9924 (58.47)     1,368.2423 (46.87)     1,367.8336 (56.97)     0.4910 (9.27)      1,367.9925 (58.41)     0.4870 (7.36)          1;0   0.7311 (0.02)          5           1
test[24]               2,690.4349 (115.09)    2,697.1977 (92.40)     2,695.5200 (112.27)    2.8592 (53.97)     2,696.7295 (115.14)    2.0983 (31.69)         1;1   0.3710 (0.01)          5           1
test[25]               5,433.5252 (232.42)    5,438.0090 (186.29)    5,435.9873 (226.42)    1.6602 (31.34)     5,435.8814 (232.10)    2.0179 (30.48)         2;0   0.1840 (0.00)          5           1
test[26]              11,081.1974 (474.01)   11,110.0430 (380.60)   11,093.1587 (462.05)   15.2177 (287.27)   11,082.7254 (473.21)   27.7272 (418.80)        2;0   0.0901 (0.00)          5           1
test[27]              22,794.9368 (975.07)   22,876.4941 (783.68)   22,828.1179 (950.83)   43.1504 (814.58)   22,798.6470 (973.45)   78.8332 (>1000.0)       2;0   0.0438 (0.00)          5           1
-------------------------------------------------------------------------------------------------------------------------------------------------------------------------------------------------------

Legend:
  Outliers: 1 Standard Deviation from Mean; 1.5 IQR (InterQuartile Range) from 1st Quartile and 3rd Quartile.
  OPS: Operations Per Second, computed as 1 / Mean
24 passed in 384.13s (0:06:24)
