........................                                                 [100%]
Wrote benchmark data in: <_io.BufferedWriter name='f64.json'>


----------------------------------------------------------------------------------- benchmark 'circuit': 24 tests -----------------------------------------------------------------------------------
Name (time in ms)             Min                    Max                   Mean            StdDev                 Median               IQR            Outliers      OPS            Rounds  Iterations
-----------------------------------------------------------------------------------------------------------------------------------------------------------------------------------------------------
test[4]                   14.1478 (1.0)          18.3526 (1.03)         14.2503 (1.0)      0.4946 (18.45)        14.1841 (1.0)      0.0380 (1.35)          1;1  70.1741 (1.0)          71           1
test[5]                   17.6828 (1.25)         17.8363 (1.0)          17.7470 (1.25)     0.0293 (1.09)         17.7441 (1.25)     0.0373 (1.32)         11;1  56.3477 (0.80)         57           1
test[6]                   21.3545 (1.51)         21.7378 (1.22)         21.4066 (1.50)     0.0564 (2.10)         21.3957 (1.51)     0.0438 (1.55)          1;1  46.7145 (0.67)         47           1
test[7]                   24.9983 (1.77)         25.4055 (1.42)         25.0528 (1.76)     0.0629 (2.35)         25.0456 (1.77)     0.0369 (1.31)          2;2  39.9156 (0.57)         40           1
test[8]                   28.5008 (2.01)         28.8292 (1.62)         28.5692 (2.00)     0.0568 (2.12)         28.5616 (2.01)     0.0421 (1.49)          4;2  35.0027 (0.50)         36           1
test[9]                   32.4805 (2.30)         32.6159 (1.83)         32.5172 (2.28)     0.0274 (1.02)         32.5115 (2.29)     0.0282 (1.0)           5;2  30.7529 (0.44)         31           1
test[10]                  37.1611 (2.63)         37.3428 (2.09)         37.2485 (2.61)     0.0509 (1.90)         37.2598 (2.63)     0.0892 (3.16)         12;0  26.8467 (0.38)         27           1
test[11]                  42.4584 (3.00)         42.6293 (2.39)         42.5521 (2.99)     0.0343 (1.28)         42.5514 (3.00)     0.0434 (1.54)          5;1  23.5006 (0.33)         24           1
test[12]                  49.0486 (3.47)         49.3813 (2.77)         49.1048 (3.45)     0.0699 (2.61)         49.0889 (3.46)     0.0555 (1.97)          1;1  20.3646 (0.29)         21           1
test[13]                  53.5736 (3.79)         53.6683 (3.01)         53.6119 (3.76)     0.0268 (1.0)          53.6092 (3.78)     0.0472 (1.67)          6;0  18.6526 (0.27)         19           1
test[14]                  57.7121 (4.08)         58.0007 (3.25)         57.8470 (4.06)     0.0787 (2.94)         57.8358 (4.08)     0.1282 (4.54)          3;0  17.2870 (0.25)         18           1
test[15]                  62.3806 (4.41)         62.5431 (3.51)         62.4632 (4.38)     0.0485 (1.81)         62.4709 (4.40)     0.0584 (2.07)          6;0  16.0094 (0.23)         17           1
test[16]                  66.8948 (4.73)         67.0207 (3.76)         66.9585 (4.70)     0.0398 (1.49)         66.9515 (4.72)     0.0675 (2.39)          5;0  14.9346 (0.21)         15           1
test[17]                  72.2586 (5.11)         72.4219 (4.06)         72.3098 (5.07)     0.0421 (1.57)         72.3106 (5.10)     0.0457 (1.62)          3;1  13.8294 (0.20)         14           1
test[18]                  76.8517 (5.43)         81.7624 (4.58)         78.5587 (5.51)     1.7706 (66.06)        77.7585 (5.48)     2.3394 (82.92)         2;0  12.7293 (0.18)         12           1
test[19]                  89.9186 (6.36)         90.0734 (5.05)         90.0034 (6.32)     0.0440 (1.64)         89.9993 (6.35)     0.0546 (1.93)          4;0  11.1107 (0.16)         11           1
test[20]                 115.5731 (8.17)        115.7883 (6.49)        115.6468 (8.12)     0.0660 (2.46)        115.6447 (8.15)     0.0692 (2.45)          2;1   8.6470 (0.12)          9           1
test[21]                 280.3157 (19.81)       280.5042 (15.73)       280.4069 (19.68)    0.0803 (3.00)        280.3823 (19.77)    0.1374 (4.87)          2;0   3.5662 (0.05)          5           1
test[22]                 634.2557 (44.83)       634.5263 (35.57)       634.3690 (44.52)    0.0983 (3.67)        634.3510 (44.72)    0.0896 (3.18)          2;0   1.5764 (0.02)          5           1
test[23]               1,245.6574 (88.05)     1,245.7875 (69.85)     1,245.7391 (87.42)    0.0492 (1.84)      1,245.7447 (87.83)    0.0494 (1.75)          1;0   0.8027 (0.01)          5           1
test[24]               2,504.2460 (177.01)    2,504.9611 (140.44)    2,504.5895 (175.76)   0.3378 (12.60)     2,504.4260 (176.57)   0.6090 (21.59)         3;0   0.3993 (0.01)          5           1
test[25]               5,115.8261 (361.60)    5,116.5200 (286.86)    5,116.1076 (359.02)   0.2685 (10.02)     5,115.9931 (360.69)   0.3437 (12.18)         2;0   0.1955 (0.00)          5           1
test[26]              10,534.7671 (744.62)   10,535.3642 (590.67)   10,534.9631 (739.28)   0.2571 (9.59)     10,534.8060 (742.72)   0.3592 (12.73)         1;0   0.0949 (0.00)          5           1
test[27]              21,759.3587 (>1000.0)  21,760.3673 (>1000.0)  21,759.7062 (>1000.0)  0.3950 (14.74)    21,759.5922 (>1000.0)  0.4460 (15.81)         1;0   0.0460 (0.00)          5           1
-----------------------------------------------------------------------------------------------------------------------------------------------------------------------------------------------------

Legend:
  Outliers: 1 Standard Deviation from Mean; 1.5 IQR (InterQuartile Range) from 1st Quartile and 3rd Quartile.
  OPS: Operations Per Second, computed as 1 / Mean
24 passed in 359.49s (0:05:59)
