........................                                                 [100%]
Wrote benchmark data in: <_io.BufferedWriter name='f64.json'>


-------------------------------------------------------------------------------------- benchmark 'circuit': 24 tests --------------------------------------------------------------------------------------
Name (time in ms)            Min                    Max                  Mean                StdDev                Median                   IQR            Outliers       OPS            Rounds  Iterations
-----------------------------------------------------------------------------------------------------------------------------------------------------------------------------------------------------------
test[4]                   3.6495 (1.0)           6.1730 (1.05)         3.7357 (1.0)          0.1839 (4.23)         3.7124 (1.0)          0.0412 (1.36)          4;8  267.6900 (1.0)         240           1
test[5]                   4.6473 (1.27)          5.8896 (1.0)          4.7132 (1.26)         0.0860 (1.98)         4.7084 (1.27)         0.0303 (1.0)           2;6  212.1711 (0.79)        211           1
test[6]                   5.6155 (1.54)          7.4995 (1.27)         5.7038 (1.53)         0.1532 (3.52)         5.6839 (1.53)         0.0394 (1.30)          5;9  175.3207 (0.65)        176           1
test[7]                   6.8250 (1.87)          8.0246 (1.36)         6.9745 (1.87)         0.1753 (4.03)         6.9357 (1.87)         0.0413 (1.36)         8;13  143.3790 (0.54)        143           1
test[8]                   8.0596 (2.21)          8.3769 (1.42)         8.1639 (2.19)         0.0435 (1.0)          8.1595 (2.20)         0.0467 (1.54)         25;5  122.4909 (0.46)        122           1
test[9]                   9.3642 (2.57)         15.1752 (2.58)         9.5251 (2.55)         0.5961 (13.71)        9.4574 (2.55)         0.0602 (1.99)          1;3  104.9858 (0.39)         93           1
test[10]                 11.0352 (3.02)         11.7834 (2.00)        11.2058 (3.00)         0.0898 (2.06)        11.1988 (3.02)         0.0762 (2.51)         15;3   89.2396 (0.33)         90           1
test[12]                 12.8340 (3.52)         14.4324 (2.45)        13.0578 (3.50)         0.2003 (4.61)        13.0268 (3.51)         0.2019 (6.66)          8;1   76.5827 (0.29)         78           1
test[11]                 13.0987 (3.59)         15.3649 (2.61)        13.3814 (3.58)         0.2842 (6.54)        13.3368 (3.59)         0.1216 (4.01)          3;4   74.7304 (0.28)         76           1
test[13]                 14.2175 (3.90)         14.9173 (2.53)        14.4300 (3.86)         0.1308 (3.01)        14.4031 (3.88)         0.1630 (5.38)         17;3   69.3002 (0.26)         71           1
test[14]                 15.4118 (4.22)         15.9865 (2.71)        15.6712 (4.20)         0.1269 (2.92)        15.6592 (4.22)         0.1706 (5.63)         20;0   63.8112 (0.24)         65           1
test[15]                 16.6965 (4.58)         17.3246 (2.94)        16.9263 (4.53)         0.1376 (3.16)        16.9267 (4.56)         0.1712 (5.65)         17;3   59.0797 (0.22)         60           1
test[16]                 18.3050 (5.02)         20.4641 (3.47)        18.5226 (4.96)         0.2966 (6.82)        18.4836 (4.98)         0.1498 (4.94)          2;2   53.9880 (0.20)         55           1
test[17]                 20.6291 (5.65)         28.4627 (4.83)        21.1831 (5.67)         1.0945 (25.17)       21.0203 (5.66)         0.1556 (5.14)          1;4   47.2074 (0.18)         48           1
test[19]                 32.2509 (8.84)         35.9798 (6.11)        33.0242 (8.84)         0.8104 (18.64)       32.5628 (8.77)         0.9761 (32.21)         4;1   30.2808 (0.11)         31           1
test[18]                 37.2015 (10.19)        38.7311 (6.58)        37.5922 (10.06)        0.3042 (7.00)        37.5450 (10.11)        0.2436 (8.04)          7;1   26.6013 (0.10)         27           1
test[20]                 53.3419 (14.62)        58.9471 (10.01)       54.2623 (14.53)        1.1748 (27.02)       54.0436 (14.56)        0.5182 (17.10)         1;1   18.4290 (0.07)         19           1
test[21]                 73.7342 (20.20)        80.5124 (13.67)       75.6344 (20.25)        2.6531 (61.02)       73.9815 (19.93)        4.9620 (163.75)        4;0   13.2215 (0.05)         13           1
test[22]                137.5224 (37.68)       138.4441 (23.51)      138.1323 (36.98)        0.3129 (7.20)       138.1672 (37.22)        0.4373 (14.43)         1;0    7.2394 (0.03)          8           1
test[23]                250.1567 (68.55)       252.9775 (42.95)      251.3737 (67.29)        1.0965 (25.22)      250.9599 (67.60)        1.5161 (50.03)         2;0    3.9781 (0.01)          5           1
test[24]                564.7763 (154.75)      568.4281 (96.51)      567.2010 (151.83)       1.4841 (34.13)      567.3703 (152.83)       1.9011 (62.74)         1;0    1.7630 (0.01)          5           1
test[25]              1,627.7461 (446.02)    1,659.5991 (281.78)   1,648.2233 (441.21)      12.1523 (279.50)   1,651.0319 (444.74)      11.9749 (395.19)        1;0    0.6067 (0.00)          5           1
test[26]              3,749.7413 (>1000.0)   6,102.6985 (>1000.0)  5,122.1995 (>1000.0)  1,243.0957 (>1000.0)  5,880.3438 (>1000.0)  2,329.2411 (>1000.0)       2;0    0.1952 (0.00)          5           1
test[27]              8,255.0519 (>1000.0)  13,656.3335 (>1000.0)  9,858.7712 (>1000.0)  2,367.6949 (>1000.0)  8,371.9931 (>1000.0)  3,178.2416 (>1000.0)       1;0    0.1014 (0.00)          5           1
-----------------------------------------------------------------------------------------------------------------------------------------------------------------------------------------------------------

Legend:
  Outliers: 1 Standard Deviation from Mean; 1.5 IQR (InterQuartile Range) from 1st Quartile and 3rd Quartile.
  OPS: Operations Per Second, computed as 1 / Mean
24 passed in 162.40s (0:02:42)
