...................                                                      [100%]
Wrote benchmark data in: <_io.BufferedWriter name='f64_st.json'>


----------------------------------------------------------------------------------------------- benchmark 'circuit': 19 tests ------------------------------------------------------------------------------------------------
Name (time in us)                Min                       Max                      Mean                StdDev                    Median                   IQR            Outliers           OPS            Rounds  Iterations
------------------------------------------------------------------------------------------------------------------------------------------------------------------------------------------------------------------------------
test[4]                       8.0799 (1.0)             50.9699 (1.0)              8.2255 (1.0)          0.4813 (1.0)              8.1901 (1.0)          0.0489 (1.21)     766;1507  121,573.7766 (1.0)       86208           1
test[5]                      10.7191 (1.33)           525.9670 (10.32)           10.8831 (1.32)         1.8784 (3.90)            10.8299 (1.32)         0.0403 (1.0)      995;2675   91,885.8216 (0.76)      84318           1
test[6]                      15.2299 (1.88)            60.0389 (1.18)            15.4537 (1.88)         0.6768 (1.41)            15.3999 (1.88)         0.0801 (1.99)     963;1269   64,709.2263 (0.53)      52967           1
test[7]                      23.9399 (2.96)           168.1200 (3.30)            24.3454 (2.96)         1.1346 (2.36)            24.2591 (2.96)         0.0698 (1.73)    1100;4698   41,075.5123 (0.34)      39841           1
test[8]                      43.8800 (5.43)            87.4489 (1.72)            44.4240 (5.40)         1.2273 (2.55)            44.1989 (5.40)         0.1499 (3.72)    1227;1928   22,510.3366 (0.19)      22218           1
test[9]                      86.7089 (10.73)          581.5362 (11.41)           87.5170 (10.64)        4.9562 (10.30)           87.0989 (10.63)        0.2710 (6.73)      53;1141   11,426.3482 (0.09)      11312           1
test[10]                    178.6088 (22.11)          312.2881 (6.13)           179.9483 (21.88)        3.2454 (6.74)           179.1290 (21.87)        0.3499 (8.69)     304;1196    5,557.1520 (0.05)       5553           1
test[11]                    379.3179 (46.95)          808.7761 (15.87)          381.9276 (46.43)        8.9771 (18.65)          380.3479 (46.44)        3.2492 (80.66)       15;48    2,618.2972 (0.02)       2626           1
test[12]                    819.1159 (101.38)         962.2050 (18.88)          824.4446 (100.23)       5.9712 (12.41)          823.7055 (100.57)       2.4892 (61.80)       23;30    1,212.9378 (0.01)       1206           1
test[13]                  1,747.7612 (216.31)       1,926.8191 (37.80)        1,753.7872 (213.21)      10.0636 (20.91)        1,752.4004 (213.97)       2.3497 (58.34)       15;38      570.1946 (0.00)        570           1
test[14]                  3,778.5899 (467.65)       3,836.2700 (75.27)        3,786.6483 (460.36)       8.6421 (17.96)        3,784.6200 (462.10)       3.5775 (88.82)       16;22      264.0858 (0.00)        265           1
test[15]                  8,173.9260 (>1000.0)      8,356.4760 (163.95)       8,202.3004 (997.18)      22.3925 (46.52)        8,195.8459 (>1000.0)      9.1042 (226.02)      17;18      121.9170 (0.00)        123           1
test[16]                 17,582.2561 (>1000.0)     17,718.4448 (347.63)      17,615.1258 (>1000.0)     26.2896 (54.62)       17,606.7061 (>1000.0)     27.4602 (681.74)       10;3       56.7694 (0.00)         57           1
test[17]                 37,470.3801 (>1000.0)     37,980.9579 (745.16)      37,559.7817 (>1000.0)     92.6289 (192.45)      37,541.8202 (>1000.0)     56.0751 (>1000.0)       1;1       26.6242 (0.00)         27           1
test[18]                 80,016.1920 (>1000.0)     80,260.0621 (>1000.0)     80,134.9316 (>1000.0)     69.3865 (144.16)      80,123.1631 (>1000.0)    102.4946 (>1000.0)       5;0       12.4790 (0.00)         13           1
test[19]                170,287.4009 (>1000.0)    170,509.2802 (>1000.0)    170,390.1925 (>1000.0)     87.9652 (182.76)     170,405.3760 (>1000.0)    156.2380 (>1000.0)       3;0        5.8689 (0.00)          6           1
test[20]                524,120.1760 (>1000.0)    527,666.0649 (>1000.0)    525,516.6936 (>1000.0)  1,469.2192 (>1000.0)    525,500.7669 (>1000.0)  2,306.5599 (>1000.0)       1;0        1.9029 (0.00)          5           1
test[21]              1,478,972.7400 (>1000.0)  1,480,459.4188 (>1000.0)  1,479,581.7601 (>1000.0)    699.9300 (>1000.0)  1,479,225.2108 (>1000.0)  1,251.0754 (>1000.0)       1;0        0.6759 (0.00)          5           1
test[22]              3,114,076.5981 (>1000.0)  3,118,070.1070 (>1000.0)  3,115,734.1054 (>1000.0)  1,740.8709 (>1000.0)  3,114,817.1639 (>1000.0)  2,850.4619 (>1000.0)       1;0        0.3210 (0.00)          5           1
------------------------------------------------------------------------------------------------------------------------------------------------------------------------------------------------------------------------------

Legend:
  Outliers: 1 Standard Deviation from Mean; 1.5 IQR (InterQuartile Range) from 1st Quartile and 3rd Quartile.
  OPS: Operations Per Second, computed as 1 / Mean
19 passed in 60.61s (0:01:00)
