........................                                                 [100%]
Wrote benchmark data in: <_io.BufferedWriter name='f64.json'>


------------------------------------------------------------------------------------- benchmark 'circuit': 24 tests --------------------------------------------------------------------------------------
Name (time in ms)             Min                    Max                   Mean              StdDev                 Median                 IQR            Outliers       OPS            Rounds  Iterations
----------------------------------------------------------------------------------------------------------------------------------------------------------------------------------------------------------
test[4]                    1.5968 (1.0)          12.8269 (2.00)          2.0847 (1.0)        1.5067 (4.48)          1.6305 (1.0)        0.0221 (1.0)         11;16  479.6917 (1.0)         114           1
test[5]                    1.9284 (1.21)         10.0872 (1.57)          2.1729 (1.04)       0.7695 (2.29)          2.0170 (1.24)       0.0653 (2.95)        23;33  460.2055 (0.96)        494           1
test[6]                    2.3732 (1.49)          6.4218 (1.0)           2.4753 (1.19)       0.3367 (1.0)           2.4424 (1.50)       0.0403 (1.82)         5;13  403.9883 (0.84)        404           1
test[8]                    2.6013 (1.63)         37.0471 (5.77)          3.4882 (1.67)       2.2955 (6.82)          3.1564 (1.94)       0.0394 (1.79)        15;95  286.6836 (0.60)        334           1
test[7]                    2.6337 (1.65)          8.8548 (1.38)          2.9774 (1.43)       0.7945 (2.36)          2.7923 (1.71)       0.0423 (1.92)         7;24  335.8687 (0.70)        173           1
test[9]                    2.7349 (1.71)         13.6290 (2.12)          3.0942 (1.48)       0.9224 (2.74)          2.9021 (1.78)       0.0607 (2.75)        15;38  323.1849 (0.67)        330           1
test[10]                   3.5770 (2.24)         11.4674 (1.79)          4.0885 (1.96)       1.0085 (3.00)          3.8544 (2.36)       0.2211 (10.01)       21;26  244.5865 (0.51)        281           1
test[11]                   4.2353 (2.65)         49.1229 (7.65)          5.2926 (2.54)       3.5978 (10.69)         4.4984 (2.76)       0.0710 (3.22)         6;48  188.9422 (0.39)        225           1
test[13]                   5.2157 (3.27)         10.4254 (1.62)          6.3383 (3.04)       0.8388 (2.49)          6.4100 (3.93)       0.1069 (4.84)        44;50  157.7701 (0.33)        156           1
test[14]                   6.0053 (3.76)         10.9476 (1.70)          7.1036 (3.41)       1.0942 (3.25)          6.9189 (4.24)       0.4477 (20.27)       19;16  140.7742 (0.29)        144           1
test[15]                   6.5904 (4.13)         20.4724 (3.19)          7.5924 (3.64)       1.9971 (5.93)          6.8195 (4.18)       0.8163 (36.96)       11;12  131.7104 (0.27)        134           1
test[12]                   6.9122 (4.33)         11.1545 (1.74)          7.2274 (3.47)       0.6541 (1.94)          7.0883 (4.35)       0.0692 (3.13)         6;12  138.3616 (0.29)        141           1
test[16]                   8.9882 (5.63)         16.9756 (2.64)          9.7655 (4.68)       1.2051 (3.58)          9.3117 (5.71)       0.5342 (24.18)        9;15  102.4013 (0.21)         92           1
test[17]                  10.8900 (6.82)         66.1295 (10.30)        14.2831 (6.85)       8.4919 (25.22)        12.6885 (7.78)       2.1514 (97.39)         1;2   70.0129 (0.15)         41           1
test[18]                  20.0872 (12.58)        33.3339 (5.19)         24.1873 (11.60)      3.4048 (10.11)        24.7893 (15.20)      4.6726 (211.53)       18;1   41.3440 (0.09)         41           1
test[19]                  35.5339 (22.25)        51.4346 (8.01)         41.0680 (19.70)      5.4361 (16.15)        44.4537 (27.26)      9.4109 (426.02)       10;0   24.3499 (0.05)         29           1
test[20]                  53.3890 (33.44)        81.8382 (12.74)        58.7747 (28.19)      7.9563 (23.63)        56.6726 (34.76)      6.3001 (285.20)        2;2   17.0141 (0.04)         16           1
test[21]                  81.7543 (51.20)       114.7889 (17.87)        91.2338 (43.76)     10.4787 (31.12)        85.9309 (52.70)     12.3843 (560.63)        2;0   10.9609 (0.02)         12           1
test[22]                 163.5226 (102.41)      179.6312 (27.97)       170.4335 (81.76)      5.5037 (16.35)       169.7387 (104.10)     4.4769 (202.67)        2;1    5.8674 (0.01)          6           1
test[23]                 400.7094 (250.95)      490.7584 (76.42)       437.3031 (209.77)    34.0300 (101.08)      438.1879 (268.74)    40.1759 (>1000.0)       2;0    2.2867 (0.00)          5           1
test[24]               1,485.9680 (930.60)    1,682.6131 (262.01)    1,621.8359 (777.98)    80.6298 (239.49)    1,638.7121 (>1000.0)   95.0460 (>1000.0)       1;0    0.6166 (0.00)          5           1
test[25]               4,965.9974 (>1000.0)   5,323.3940 (828.95)    5,197.5757 (>1000.0)  144.8336 (430.18)    5,224.1158 (>1000.0)  198.5816 (>1000.0)       1;0    0.1924 (0.00)          5           1
test[26]              10,733.0909 (>1000.0)  12,468.3348 (>1000.0)  12,008.1469 (>1000.0)  725.9743 (>1000.0)  12,304.6902 (>1000.0)  667.0253 (>1000.0)       1;1    0.0833 (0.00)          5           1
test[27]              23,142.1270 (>1000.0)  25,020.8599 (>1000.0)  24,437.0810 (>1000.0)  769.9209 (>1000.0)  24,793.5887 (>1000.0)  898.4535 (>1000.0)       1;0    0.0409 (0.00)          5           1
----------------------------------------------------------------------------------------------------------------------------------------------------------------------------------------------------------

Legend:
  Outliers: 1 Standard Deviation from Mean; 1.5 IQR (InterQuartile Range) from 1st Quartile and 3rd Quartile.
  OPS: Operations Per Second, computed as 1 / Mean
24 passed in 365.56s (0:06:05)
