...............                                                          [100%]
Wrote benchmark data in: <_io.BufferedWriter name='f64_st.json'>


------------------------------------------------------------------------------------------ benchmark 'circuit': 15 tests ------------------------------------------------------------------------------------------
Name (time in us)              Min                     Max                    Mean                 StdDev                  Median                IQR            Outliers          OPS            Rounds  Iterations
-------------------------------------------------------------------------------------------------------------------------------------------------------------------------------------------------------------------
test[4]                    68.4389 (1.0)          635.5869 (4.74)          70.8699 (1.0)           5.1858 (2.81)          70.5600 (1.0)       1.2899 (1.34)       37;693  14,110.3647 (1.0)       13155           1
test[5]                    87.7699 (1.28)         134.1200 (1.0)           91.3438 (1.29)          1.8467 (1.0)           91.1900 (1.29)      0.9611 (1.0)     1609;1512  10,947.6554 (0.78)      10585           1
test[6]                   110.7401 (1.62)         384.5082 (2.87)         114.7531 (1.62)          5.2847 (2.86)         114.3999 (1.62)      1.0799 (1.12)      43;1024   8,714.3598 (0.62)       8693           1
test[7]                   145.6800 (2.13)       1,970.3410 (14.69)        150.3161 (2.12)         22.7355 (12.31)        149.8791 (2.12)      1.7409 (1.81)       14;572   6,652.6470 (0.47)       6627           1
test[8]                   202.5089 (2.96)         404.0778 (3.01)         207.1816 (2.92)          3.8424 (2.08)         206.4791 (2.93)      1.8401 (1.91)      226;304   4,826.6845 (0.34)       4763           1
test[9]                   307.4489 (4.49)         365.3481 (2.72)         313.4693 (4.42)          3.4407 (1.86)         312.9735 (4.44)      3.1809 (3.31)       504;26   3,190.1046 (0.23)       3110           1
test[10]                  517.6570 (7.56)         616.6771 (4.60)         523.9100 (7.39)          4.6412 (2.51)         523.5479 (7.42)      3.4078 (3.55)       107;29   1,908.7248 (0.14)       1903           1
test[11]                  962.1959 (14.06)      1,113.2450 (8.30)         973.0239 (13.73)         6.7605 (3.66)         973.3611 (13.79)     2.3339 (2.43)       64;194   1,027.7240 (0.07)       1032           1
test[12]                1,897.4910 (27.73)    248,294.1400 (>1000.0)    2,380.8158 (33.59)    10,773.6421 (>1000.0)    1,908.0411 (27.04)     4.8950 (5.09)         1;26     420.0241 (0.03)        523           1
test[13]                3,892.2620 (56.87)      3,953.4511 (29.48)      3,904.4602 (55.09)         9.9790 (5.40)       3,902.2419 (55.30)     6.9601 (7.24)        17;14     256.1173 (0.02)        256           1
test[14]                8,191.6910 (119.69)     8,324.5609 (62.07)      8,205.2792 (115.78)       17.1826 (9.30)       8,199.9771 (116.21)    6.4101 (6.67)        12;16     121.8728 (0.01)        122           1
test[15]               17,474.7580 (255.33)    17,548.9378 (130.85)    17,500.0448 (246.93)       18.2252 (9.87)      17,495.4586 (247.95)   15.4807 (16.11)        15;7      57.1427 (0.00)         58           1
test[16]               37,304.9362 (545.08)    37,531.0450 (279.83)    37,355.8481 (527.10)       49.2035 (26.64)     37,341.3060 (529.21)   35.1401 (36.56)         5;4      26.7696 (0.00)         27           1
test[17]               78,936.0022 (>1000.0)   79,131.1909 (590.00)    79,032.0064 (>1000.0)      59.5095 (32.22)     79,039.9122 (>1000.0)  93.7777 (97.57)         5;0      12.6531 (0.00)         13           1
test[18]              166,643.9041 (>1000.0)  166,837.3130 (>1000.0)  166,748.1497 (>1000.0)      64.3948 (34.87)    166,755.6674 (>1000.0)  52.9401 (55.08)         2;0       5.9971 (0.00)          6           1
-------------------------------------------------------------------------------------------------------------------------------------------------------------------------------------------------------------------

Legend:
  Outliers: 1 Standard Deviation from Mean; 1.5 IQR (InterQuartile Range) from 1st Quartile and 3rd Quartile.
  OPS: Operations Per Second, computed as 1 / Mean
15 passed in 18.51s
