........................                                                 [100%]
Wrote benchmark data in: <_io.BufferedWriter name='f64.json'>


------------------------------------------------------------------------------------- benchmark 'circuit': 24 tests -------------------------------------------------------------------------------------
Name (time in ms)             Min                    Max                   Mean              StdDev                 Median                 IQR            Outliers      OPS            Rounds  Iterations
---------------------------------------------------------------------------------------------------------------------------------------------------------------------------------------------------------
test[15]                   9.8407 (1.0)          17.5000 (1.21)         13.0301 (1.0)        1.8459 (18.63)        13.9861 (1.03)       2.7560 (25.09)        36;0  76.7453 (1.0)         102           1
test[16]                  11.5659 (1.18)         14.4331 (1.0)          13.4554 (1.03)       0.6456 (6.52)         13.5408 (1.0)        0.1715 (1.56)        16;17  74.3194 (0.97)         69           1
test[14]                  13.5007 (1.37)         17.1637 (1.19)         14.1058 (1.08)       0.9264 (9.35)         13.6034 (1.00)       0.6329 (5.76)          8;8  70.8930 (0.92)         69           1
test[17]                  14.1962 (1.44)         15.9635 (1.11)         15.0258 (1.15)       0.4270 (4.31)         15.1583 (1.12)       0.1849 (1.68)        19;19  66.5521 (0.87)         68           1
test[18]                  19.2221 (1.95)         20.1032 (1.39)         19.5049 (1.50)       0.2207 (2.23)         19.5054 (1.44)       0.3763 (3.43)         18;0  51.2692 (0.67)         52           1
test[4]                   22.4790 (2.28)         24.8241 (1.72)         22.7868 (1.75)       0.3618 (3.65)         22.7514 (1.68)       0.2672 (2.43)          3;1  43.8851 (0.57)         43           1
test[13]                  24.2073 (2.46)         25.8856 (1.79)         25.2765 (1.94)       0.6444 (6.50)         25.6400 (1.89)       1.3051 (11.88)        11;0  39.5624 (0.52)         39           1
test[5]                   28.8986 (2.94)         41.2416 (2.86)         31.3166 (2.40)       3.5238 (35.57)        29.5764 (2.18)       4.3070 (39.22)         3;3  31.9319 (0.42)         34           1
test[19]                  29.4803 (3.00)         30.1720 (2.09)         29.6895 (2.28)       0.1625 (1.64)         29.6528 (2.19)       0.2422 (2.21)          9;1  33.6820 (0.44)         34           1
test[6]                   36.1462 (3.67)         51.3821 (3.56)         44.8305 (3.44)       6.5887 (66.50)        48.3584 (3.57)      14.1044 (128.43)        9;0  22.3063 (0.29)         28           1
test[7]                   43.1506 (4.38)         45.2281 (3.13)         43.4301 (3.33)       0.4120 (4.16)         43.3303 (3.20)       0.1970 (1.79)          1;1  23.0255 (0.30)         24           1
test[12]                  45.6677 (4.64)         54.2258 (3.76)         47.0585 (3.61)       2.7220 (27.47)        45.9452 (3.39)       0.9381 (8.54)          3;3  21.2501 (0.28)         22           1
test[8]                   47.3450 (4.81)         52.7164 (3.65)         48.2187 (3.70)       1.0720 (10.82)        48.1213 (3.55)       0.4026 (3.67)          1;1  20.7388 (0.27)         21           1
test[20]                  50.5806 (5.14)         51.0583 (3.54)         50.7385 (3.89)       0.0991 (1.0)          50.7398 (3.75)       0.1098 (1.0)           3;1  19.7089 (0.26)         20           1
test[9]                   56.4261 (5.73)         77.0589 (5.34)         73.0143 (5.60)       6.6086 (66.70)        76.5102 (5.65)       3.2027 (29.16)         4;4  13.6959 (0.18)         19           1
test[11]                  66.1622 (6.72)         77.6917 (5.38)         71.5786 (5.49)       4.2645 (43.04)        73.4201 (5.42)       8.0676 (73.46)         7;0  13.9707 (0.18)         16           1
test[10]                  71.3305 (7.25)         86.2520 (5.98)         81.8827 (6.28)       5.9669 (60.22)        85.1784 (6.29)       8.1202 (73.94)         3;0  12.2126 (0.16)         14           1
test[21]                  93.2224 (9.47)         93.9838 (6.51)         93.5539 (7.18)       0.2543 (2.57)         93.5529 (6.91)       0.3436 (3.13)          3;0  10.6890 (0.14)         11           1
test[22]                 181.6026 (18.45)       182.6721 (12.66)       182.0833 (13.97)      0.4837 (4.88)        181.9899 (13.44)      0.9007 (8.20)          2;0   5.4920 (0.07)          6           1
test[23]                 383.3329 (38.95)       464.3965 (32.18)       406.0121 (31.16)     34.3268 (346.46)      388.6965 (28.71)     39.2780 (357.64)        1;0   2.4630 (0.03)          5           1
test[24]               1,108.7655 (112.67)    1,153.7360 (79.94)     1,125.0666 (86.34)     17.6262 (177.90)    1,117.1023 (82.50)     20.8439 (189.79)        1;0   0.8888 (0.01)          5           1
test[25]               3,329.9214 (338.38)    3,546.3934 (245.71)    3,425.2679 (262.87)    79.2707 (800.08)    3,428.5296 (253.20)    86.6492 (788.98)        2;0   0.2919 (0.00)          5           1
test[26]              10,596.0383 (>1000.0)  11,082.9314 (767.88)   10,821.9460 (830.53)   191.6269 (>1000.0)  10,768.3463 (795.25)   288.3899 (>1000.0)       2;0   0.0924 (0.00)          5           1
test[27]              19,148.4035 (>1000.0)  19,858.6401 (>1000.0)  19,508.6622 (>1000.0)  275.6878 (>1000.0)  19,503.4109 (>1000.0)  418.4852 (>1000.0)       2;0   0.0513 (0.00)          5           1
---------------------------------------------------------------------------------------------------------------------------------------------------------------------------------------------------------

Legend:
  Outliers: 1 Standard Deviation from Mean; 1.5 IQR (InterQuartile Range) from 1st Quartile and 3rd Quartile.
  OPS: Operations Per Second, computed as 1 / Mean
24 passed in 312.56s (0:05:12)
