...................                                                      [100%]
Wrote benchmark data in: <_io.BufferedWriter name='f64_st.json'>


--------------------------------------------------------------------------------- benchmark 'circuit': 19 tests ----------------------------------------------------------------------------------
Name (time in ms)            Min                   Max                  Mean            StdDev                Median               IQR            Outliers       OPS            Rounds  Iterations
--------------------------------------------------------------------------------------------------------------------------------------------------------------------------------------------------
test[4]                   4.2267 (1.0)          4.3376 (1.0)          4.2841 (1.0)      0.0166 (1.0)          4.2825 (1.0)      0.0226 (1.0)          67;4  233.4191 (1.0)         226           1
test[5]                   5.2532 (1.24)         5.4287 (1.25)         5.2970 (1.24)     0.0209 (1.26)         5.2968 (1.24)     0.0263 (1.16)         51;2  188.7866 (0.81)        188           1
test[6]                   6.4013 (1.51)         7.1604 (1.65)         6.5047 (1.52)     0.1833 (11.06)        6.4509 (1.51)     0.0358 (1.58)        13;14  153.7345 (0.66)        152           1
test[7]                   7.7290 (1.83)         9.1798 (2.12)         7.8681 (1.84)     0.1662 (10.03)        7.8373 (1.83)     0.0557 (2.46)         5;16  127.0963 (0.54)        129           1
test[8]                   9.0877 (2.15)         9.4722 (2.18)         9.2016 (2.15)     0.0778 (4.70)         9.1805 (2.14)     0.1047 (4.63)         31;2  108.6765 (0.47)        109           1
test[9]                  11.1284 (2.63)        16.0901 (3.71)        11.3048 (2.64)     0.5345 (32.26)       11.2070 (2.62)     0.1355 (5.99)          2;5   88.4577 (0.38)         90           1
test[10]                 14.1394 (3.35)        14.9701 (3.45)        14.3365 (3.35)     0.1585 (9.57)        14.2917 (3.34)     0.1787 (7.90)         14;3   69.7519 (0.30)         70           1
test[14]                 15.1499 (3.58)        15.5488 (3.58)        15.2668 (3.56)     0.1112 (6.71)        15.2515 (3.56)     0.1501 (6.63)         11;1   65.5015 (0.28)         66           1
test[13]                 16.3318 (3.86)        17.1177 (3.95)        16.4747 (3.85)     0.1491 (9.00)        16.4436 (3.84)     0.1742 (7.70)          8;2   60.6991 (0.26)         62           1
test[15]                 18.9932 (4.49)        19.5093 (4.50)        19.1049 (4.46)     0.0995 (6.01)        19.1007 (4.46)     0.1278 (5.65)          7;2   52.3427 (0.22)         53           1
test[12]                 19.3260 (4.57)        20.6896 (4.77)        19.5053 (4.55)     0.1988 (12.00)       19.4735 (4.55)     0.1749 (7.73)          4;1   51.2682 (0.22)         52           1
test[11]                 19.6085 (4.64)        20.2360 (4.67)        19.7796 (4.62)     0.1481 (8.94)        19.7521 (4.61)     0.1468 (6.48)         10;4   50.5570 (0.22)         51           1
test[16]                 40.5327 (9.59)        41.1134 (9.48)        40.7148 (9.50)     0.1467 (8.86)        40.6795 (9.50)     0.2078 (9.18)          7;0   24.5611 (0.11)         25           1
test[17]                 84.6696 (20.03)       86.1834 (19.87)       85.0009 (19.84)    0.4027 (24.30)       84.8594 (19.82)    0.3066 (13.55)         1;1   11.7646 (0.05)         12           1
test[18]                176.0269 (41.65)      176.4441 (40.68)      176.2283 (41.14)    0.1367 (8.25)       176.2277 (41.15)    0.1093 (4.83)          2;1    5.6745 (0.02)          6           1
test[19]                389.9663 (92.26)      390.8613 (90.11)      390.5677 (91.17)    0.3641 (21.98)      390.7363 (91.24)    0.4473 (19.77)         1;0    2.5604 (0.01)          5           1
test[20]                858.7987 (203.19)     861.5463 (198.62)     860.6235 (200.89)   1.1599 (70.01)      861.1624 (201.09)   1.6615 (73.42)         1;0    1.1619 (0.00)          5           1
test[21]              1,936.0847 (458.07)   1,938.9775 (447.02)   1,937.1534 (452.17)   1.1951 (72.13)    1,936.8224 (452.26)   1.8068 (79.84)         1;0    0.5162 (0.00)          5           1
test[22]              4,977.4931 (>1000.0)  4,981.3203 (>1000.0)  4,979.3308 (>1000.0)  1.3934 (84.10)    4,979.1787 (>1000.0)  1.6339 (72.20)         2;0    0.2008 (0.00)          5           1
--------------------------------------------------------------------------------------------------------------------------------------------------------------------------------------------------

Legend:
  Outliers: 1 Standard Deviation from Mean; 1.5 IQR (InterQuartile Range) from 1st Quartile and 3rd Quartile.
  OPS: Operations Per Second, computed as 1 / Mean
19 passed in 86.90s (0:01:26)
