........................                                                 [100%]
Wrote benchmark data in: <_io.BufferedWriter name='f64.json'>


-------------------------------------------------------------------------------------- benchmark 'circuit': 24 tests --------------------------------------------------------------------------------------
Name (time in ms)             Min                    Max                   Mean              StdDev                 Median                   IQR            Outliers      OPS            Rounds  Iterations
-----------------------------------------------------------------------------------------------------------------------------------------------------------------------------------------------------------
test[15]                  20.7354 (1.0)          22.3409 (1.0)          21.1255 (1.0)        0.4174 (1.97)         20.9236 (1.0)          0.7194 (4.00)         13;0  47.3361 (1.0)          48           1
test[16]                  26.1339 (1.26)         27.5348 (1.23)         26.6082 (1.26)       0.3876 (1.83)         26.4280 (1.26)         0.6201 (3.45)         10;0  37.5824 (0.79)         38           1
test[14]                  27.3514 (1.32)         28.9523 (1.30)         28.0157 (1.33)       0.5050 (2.39)         27.7194 (1.32)         0.9378 (5.21)         12;0  35.6943 (0.75)         35           1
test[17]                  28.8685 (1.39)         31.7934 (1.42)         30.4044 (1.44)       0.7391 (3.49)         30.2706 (1.45)         0.8342 (4.64)         12;0  32.8899 (0.69)         35           1
test[18]                  38.2303 (1.84)         45.0976 (2.02)         42.1084 (1.99)       1.1894 (5.62)         42.1056 (2.01)         0.7286 (4.05)          6;2  23.7482 (0.50)         26           1
test[4]                   40.7723 (1.97)         44.6439 (2.00)         41.5750 (1.97)       1.0446 (4.93)         41.1549 (1.97)         0.2536 (1.41)          3;5  24.0529 (0.51)         23           1
test[13]                  45.7665 (2.21)         48.5594 (2.17)         46.9790 (2.22)       0.7183 (3.39)         47.1128 (2.25)         0.7141 (3.97)          6;1  21.2861 (0.45)         22           1
test[5]                   52.2034 (2.52)         52.8734 (2.37)         52.5869 (2.49)       0.2117 (1.0)          52.6292 (2.52)         0.3057 (1.70)          6;0  19.0161 (0.40)         20           1
test[19]                  54.9379 (2.65)         62.5002 (2.80)         59.4151 (2.81)       1.9662 (9.29)         59.4592 (2.84)         2.8302 (15.73)         4;0  16.8307 (0.36)         17           1
test[6]                   63.4525 (3.06)         64.1238 (2.87)         63.7376 (3.02)       0.2152 (1.02)         63.6999 (3.04)         0.2338 (1.30)          5;0  15.6893 (0.33)         16           1
test[7]                   73.4731 (3.54)         75.2957 (3.37)         74.1016 (3.51)       0.4589 (2.17)         74.0680 (3.54)         0.3367 (1.87)          4;1  13.4950 (0.29)         14           1
test[20]                  82.1091 (3.96)         94.3563 (4.22)         89.9572 (4.26)       3.8070 (17.98)        90.0080 (4.30)         6.3017 (35.03)         5;0  11.1164 (0.23)         12           1
test[8]                   83.0524 (4.01)         84.0128 (3.76)         83.3232 (3.94)       0.2958 (1.40)         83.2420 (3.98)         0.1799 (1.0)           2;2  12.0015 (0.25)         12           1
test[12]                  83.7123 (4.04)         84.8492 (3.80)         84.3098 (3.99)       0.4286 (2.02)         84.2463 (4.03)         0.8048 (4.47)          6;0  11.8610 (0.25)         12           1
test[9]                   92.8567 (4.48)         98.0633 (4.39)         94.3187 (4.46)       1.5402 (7.27)         93.7030 (4.48)         1.6288 (9.05)          2;1  10.6024 (0.22)         11           1
test[10]                 104.2767 (5.03)        107.6150 (4.82)        105.2878 (4.98)       0.9578 (4.52)        105.1870 (5.03)         1.0324 (5.74)          2;1   9.4978 (0.20)         10           1
test[11]                 117.4907 (5.67)        119.3685 (5.34)        118.3847 (5.60)       0.5217 (2.46)        118.3185 (5.65)         0.4708 (2.62)          2;1   8.4470 (0.18)          9           1
test[21]                 127.3869 (6.14)        130.0607 (5.82)        128.7800 (6.10)       0.9412 (4.45)        128.6762 (6.15)         1.3817 (7.68)          3;0   7.7652 (0.16)          8           1
test[22]                 242.1898 (11.68)       244.3272 (10.94)       243.4306 (11.52)      0.7897 (3.73)        243.5124 (11.64)        0.8857 (4.92)          2;0   4.1079 (0.09)          5           1
test[23]                 493.2602 (23.79)       522.8576 (23.40)       503.4904 (23.83)     11.2941 (53.34)       500.4672 (23.92)        9.1261 (50.73)         1;1   1.9861 (0.04)          5           1
test[24]               1,332.6977 (64.27)     1,376.6569 (61.62)     1,358.9201 (64.33)     16.5939 (78.38)     1,359.2430 (64.96)       19.5941 (108.92)        2;0   0.7359 (0.02)          5           1
test[25]               3,106.9652 (149.84)    3,402.0377 (152.28)    3,304.7514 (156.43)   114.6533 (541.52)    3,336.2688 (159.45)     100.2807 (557.46)        1;1   0.3026 (0.01)          5           1
test[26]               6,928.1460 (334.12)    7,077.3189 (316.79)    6,995.3136 (331.13)    65.5830 (309.76)    6,998.1822 (334.46)     118.0928 (656.48)        2;0   0.1430 (0.00)          5           1
test[27]              14,904.6901 (718.81)   16,713.5970 (748.12)   15,932.8634 (754.20)   759.4803 (>1000.0)  15,861.0996 (758.05)   1,263.1016 (>1000.0)       2;0   0.0628 (0.00)          5           1
-----------------------------------------------------------------------------------------------------------------------------------------------------------------------------------------------------------

Legend:
  Outliers: 1 Standard Deviation from Mean; 1.5 IQR (InterQuartile Range) from 1st Quartile and 3rd Quartile.
  OPS: Operations Per Second, computed as 1 / Mean
24 passed in 255.40s (0:04:15)
