........................                                                 [100%]
Wrote benchmark data in: <_io.BufferedWriter name='f64_st.json'>


-------------------------------------------------------------------------------------- benchmark 'circuit': 24 tests --------------------------------------------------------------------------------------
Name (time in ms)              Min                     Max                    Mean             StdDev                  Median                IQR            Outliers      OPS            Rounds  Iterations
-----------------------------------------------------------------------------------------------------------------------------------------------------------------------------------------------------------
test[4]                    17.7451 (1.0)           19.5333 (1.0)           17.8855 (1.0)       0.2383 (3.79)          17.8487 (1.0)       0.0577 (1.0)           2;3  55.9112 (1.0)          55           1
test[5]                    22.2719 (1.26)          22.5527 (1.15)          22.4068 (1.25)      0.0629 (1.0)           22.4013 (1.26)      0.0870 (1.51)         11;0  44.6293 (0.80)         45           1
test[6]                    26.8278 (1.51)          28.9334 (1.48)          27.0218 (1.51)      0.3523 (5.60)          26.9355 (1.51)      0.1460 (2.53)          3;4  37.0072 (0.66)         38           1
test[7]                    31.2127 (1.76)          31.9639 (1.64)          31.6316 (1.77)      0.2025 (3.22)          31.6682 (1.77)      0.2728 (4.73)          9;0  31.6139 (0.57)         32           1
test[8]                    37.1077 (2.09)          37.7773 (1.93)          37.3653 (2.09)      0.1474 (2.34)          37.3368 (2.09)      0.1919 (3.33)          7;1  26.7628 (0.48)         27           1
test[14]                   41.1880 (2.32)          42.1597 (2.16)          41.4888 (2.32)      0.2764 (4.39)          41.3825 (2.32)      0.4652 (8.06)          9;0  24.1029 (0.43)         25           1
test[9]                    43.6110 (2.46)          44.9394 (2.30)          43.8768 (2.45)      0.2579 (4.10)          43.8156 (2.45)      0.1432 (2.48)          2;1  22.7911 (0.41)         23           1
test[13]                   47.3744 (2.67)          48.4122 (2.48)          47.6913 (2.67)      0.3056 (4.86)          47.5916 (2.67)      0.2693 (4.67)          5;3  20.9682 (0.38)         22           1
test[15]                   48.5951 (2.74)          49.2243 (2.52)          48.7821 (2.73)      0.1727 (2.74)          48.7358 (2.73)      0.1721 (2.98)          6;1  20.4993 (0.37)         21           1
test[10]                   52.9709 (2.99)          53.3755 (2.73)          53.1473 (2.97)      0.1170 (1.86)          53.1514 (2.98)      0.2251 (3.90)          9;0  18.8156 (0.34)         19           1
test[12]                   60.8744 (3.43)          62.5174 (3.20)          61.6279 (3.45)      0.4860 (7.72)          61.6404 (3.45)      0.6325 (10.96)         6;0  16.2264 (0.29)         17           1
test[11]                   68.3944 (3.85)          70.0606 (3.59)          68.8362 (3.85)      0.4397 (6.99)          68.6877 (3.85)      0.3869 (6.71)          3;1  14.5272 (0.26)         15           1
test[16]                   97.1141 (5.47)          97.7736 (5.01)          97.3874 (5.45)      0.2055 (3.27)          97.3384 (5.45)      0.3259 (5.65)          3;0  10.2683 (0.18)         11           1
test[17]                  199.2303 (11.23)        199.8874 (10.23)        199.5953 (11.16)     0.2510 (3.99)         199.6236 (11.18)     0.3987 (6.91)          2;0   5.0101 (0.09)          6           1
test[18]                  412.7873 (23.26)        413.5867 (21.17)        413.0710 (23.10)     0.3044 (4.84)         412.9718 (23.14)     0.2791 (4.84)          1;0   2.4209 (0.04)          5           1
test[19]                  867.3697 (48.88)        873.8808 (44.74)        871.4438 (48.72)     2.8534 (45.34)        872.7709 (48.90)     4.6689 (80.91)         1;0   1.1475 (0.02)          5           1
test[20]                1,885.7294 (106.27)     1,997.7137 (102.27)     1,959.7457 (109.57)   52.2851 (830.76)     1,995.7869 (111.82)   83.2725 (>1000.0)       1;0   0.5103 (0.01)          5           1
test[21]                4,331.4758 (244.09)     4,332.7662 (221.81)     4,332.2973 (242.22)    0.5217 (8.29)       4,332.4717 (242.73)    0.7302 (12.65)         1;0   0.2308 (0.00)          5           1
test[22]                9,748.4013 (549.36)     9,767.8456 (500.06)     9,757.8615 (545.57)    8.5088 (135.20)     9,761.6072 (546.91)   14.1849 (245.82)        2;0   0.1025 (0.00)          5           1
test[23]               21,037.2566 (>1000.0)   21,047.3129 (>1000.0)   21,041.9442 (>1000.0)   4.4193 (70.22)     21,040.5632 (>1000.0)   7.8356 (135.79)        2;0   0.0475 (0.00)          5           1
test[24]               44,746.3596 (>1000.0)   44,784.2533 (>1000.0)   44,762.5507 (>1000.0)  14.5963 (231.92)    44,760.5080 (>1000.0)  20.5402 (355.96)        2;0   0.0223 (0.00)          5           1
test[25]               94,549.7622 (>1000.0)   94,593.4582 (>1000.0)   94,572.6460 (>1000.0)  16.4315 (261.08)    94,577.0431 (>1000.0)  21.5898 (374.15)        2;0   0.0106 (0.00)          5           1
test[26]              198,742.9777 (>1000.0)  198,919.8825 (>1000.0)  198,859.4651 (>1000.0)  70.3656 (>1000.0)  198,863.1637 (>1000.0)  80.9784 (>1000.0)       1;0   0.0050 (0.00)          5           1
test[27]              417,163.2947 (>1000.0)  417,221.2133 (>1000.0)  417,199.4423 (>1000.0)  23.3095 (370.37)   417,205.6275 (>1000.0)  33.4802 (580.20)        1;0   0.0024 (0.00)          5           1
-----------------------------------------------------------------------------------------------------------------------------------------------------------------------------------------------------------

Legend:
  Outliers: 1 Standard Deviation from Mean; 1.5 IQR (InterQuartile Range) from 1st Quartile and 3rd Quartile.
  OPS: Operations Per Second, computed as 1 / Mean
24 passed in 6373.00s (1:46:12)
