........................                                                 [100%]
Wrote benchmark data in: <_io.BufferedWriter name='f64.json'>


--------------------------------------------------------------------------------- benchmark 'circuit': 24 tests ----------------------------------------------------------------------------------
Name (time in ms)            Min                   Max                  Mean            StdDev                Median               IQR            Outliers       OPS            Rounds  Iterations
--------------------------------------------------------------------------------------------------------------------------------------------------------------------------------------------------
test[15]                  8.7972 (1.0)          8.9963 (1.0)          8.8656 (1.0)      0.0261 (1.0)          8.8604 (1.0)      0.0267 (1.02)         24;5  112.7951 (1.0)         113           1
test[16]                  9.3586 (1.06)        10.0732 (1.12)         9.4229 (1.06)     0.0757 (2.90)         9.4090 (1.06)     0.0262 (1.0)           5;6  106.1243 (0.94)        104           1
test[17]                 10.2711 (1.17)        10.6131 (1.18)        10.3179 (1.16)     0.0475 (1.82)        10.3071 (1.16)     0.0292 (1.12)          6;6   96.9192 (0.86)         95           1
test[18]                 11.6160 (1.32)        11.8385 (1.32)        11.6624 (1.32)     0.0457 (1.75)        11.6485 (1.31)     0.0370 (1.41)          9;6   85.7458 (0.76)         85           1
test[14]                 12.8832 (1.46)        14.8047 (1.65)        12.9676 (1.46)     0.2143 (8.22)        12.9409 (1.46)     0.0467 (1.78)          1;2   77.1152 (0.68)         77           1
test[19]                 13.7416 (1.56)        14.0456 (1.56)        13.8018 (1.56)     0.0524 (2.01)        13.7895 (1.56)     0.0443 (1.69)         10;3   72.4544 (0.64)         72           1
test[20]                 15.2876 (1.74)        17.6810 (1.97)        16.0341 (1.81)     0.9202 (35.30)       15.4779 (1.75)     2.0958 (80.01)        15;0   62.3671 (0.55)         57           1
test[4]                  21.5957 (2.45)        21.8672 (2.43)        21.7192 (2.45)     0.0614 (2.35)        21.7165 (2.45)     0.0929 (3.55)         16;0   46.0423 (0.41)         47           1
test[13]                 23.5328 (2.68)        24.2435 (2.69)        23.7182 (2.68)     0.1236 (4.74)        23.6993 (2.67)     0.1369 (5.23)         10;1   42.1618 (0.37)         43           1
test[5]                  26.5041 (3.01)        28.1151 (3.13)        26.7006 (3.01)     0.2680 (10.28)       26.6164 (3.00)     0.2054 (7.84)          2;1   37.4524 (0.33)         37           1
test[21]                 31.3230 (3.56)        32.1284 (3.57)        31.4320 (3.55)     0.1483 (5.69)        31.3809 (3.54)     0.0713 (2.72)          3;4   31.8147 (0.28)         32           1
test[6]                  32.0897 (3.65)        33.7423 (3.75)        32.3709 (3.65)     0.2746 (10.54)       32.3257 (3.65)     0.1498 (5.72)          2;1   30.8920 (0.27)         32           1
test[7]                  36.9190 (4.20)        37.2872 (4.14)        37.0807 (4.18)     0.0862 (3.31)        37.0868 (4.19)     0.1298 (4.95)         10;0   26.9682 (0.24)         27           1
test[12]                 42.4528 (4.83)        45.0100 (5.00)        42.6667 (4.81)     0.5091 (19.53)       42.5522 (4.80)     0.0568 (2.17)          1;4   23.4375 (0.21)         24           1
test[8]                  42.8561 (4.87)        44.0588 (4.90)        43.0689 (4.86)     0.2606 (10.00)       42.9738 (4.85)     0.1022 (3.90)          3;4   23.2186 (0.21)         23           1
test[9]                  49.3054 (5.60)        52.7084 (5.86)        49.7123 (5.61)     0.7101 (27.24)       49.5338 (5.59)     0.1620 (6.18)          1;2   20.1158 (0.18)         21           1
test[10]                 54.8367 (6.23)        55.3221 (6.15)        55.0280 (6.21)     0.1237 (4.75)        54.9835 (6.21)     0.1767 (6.75)          6;0   18.1726 (0.16)         19           1
test[11]                 60.4636 (6.87)        61.2066 (6.80)        60.6275 (6.84)     0.1873 (7.19)        60.5725 (6.84)     0.1043 (3.98)          2;2   16.4942 (0.15)         17           1
test[22]                 67.1645 (7.63)        67.7025 (7.53)        67.2853 (7.59)     0.1303 (5.00)        67.2572 (7.59)     0.1284 (4.90)          1;1   14.8621 (0.13)         15           1
test[23]                128.0602 (14.56)      128.2333 (14.25)      128.1509 (14.45)    0.0510 (1.96)       128.1604 (14.46)    0.0486 (1.86)          2;0    7.8033 (0.07)          8           1
test[24]                253.4539 (28.81)      253.7464 (28.21)      253.6007 (28.60)    0.1310 (5.03)       253.5678 (28.62)    0.2381 (9.09)          2;0    3.9432 (0.03)          5           1
test[25]                513.0187 (58.32)      513.6126 (57.09)      513.2747 (57.89)    0.2519 (9.66)       513.2250 (57.92)    0.4314 (16.47)         2;0    1.9483 (0.02)          5           1
test[26]              1,051.3513 (119.51)   1,051.5525 (116.89)   1,051.4292 (118.60)   0.0787 (3.02)     1,051.4332 (118.67)   0.1013 (3.87)          1;0    0.9511 (0.01)          5           1
test[27]              2,166.3442 (246.25)   2,166.5883 (240.83)   2,166.4716 (244.37)   0.1083 (4.16)     2,166.4319 (244.51)   0.1876 (7.16)          3;0    0.4616 (0.00)          5           1
--------------------------------------------------------------------------------------------------------------------------------------------------------------------------------------------------

Legend:
  Outliers: 1 Standard Deviation from Mean; 1.5 IQR (InterQuartile Range) from 1st Quartile and 3rd Quartile.
  OPS: Operations Per Second, computed as 1 / Mean
24 passed in 59.94s
