........................                                                 [100%]
Wrote benchmark data in: <_io.BufferedWriter name='f64.json'>


--------------------------------------------------------------------------------------- benchmark 'circuit': 24 tests ----------------------------------------------------------------------------------------
Name (time in ms)              Min                     Max                    Mean              StdDev                  Median                 IQR            Outliers       OPS            Rounds  Iterations
--------------------------------------------------------------------------------------------------------------------------------------------------------------------------------------------------------------
test[4]                     6.0372 (1.0)           15.9980 (1.0)            9.8483 (1.0)        1.1839 (1.18)           9.9989 (1.0)        0.1383 (21.89)       10;28  101.5404 (1.0)          87           1
test[14]                    9.0089 (1.49)          17.9968 (1.12)          11.5368 (1.17)       1.6260 (1.62)          10.9999 (1.10)       0.0113 (1.78)         9;27   86.6789 (0.85)         78           1
test[15]                    9.1733 (1.52)          23.0524 (1.44)          12.4439 (1.26)       2.2788 (2.27)          11.9912 (1.20)       2.6016 (411.98)       22;4   80.3607 (0.79)         92           1
test[6]                     9.4112 (1.56)          22.9814 (1.44)          14.3234 (1.45)       2.9021 (2.89)          12.9920 (1.30)       4.2236 (668.83)       19;1   69.8159 (0.69)         92           1
test[5]                     9.9920 (1.66)          27.4924 (1.72)          11.5197 (1.17)       2.1900 (2.18)          10.9991 (1.10)       0.0063 (1.0)          7;24   86.8080 (0.85)         92           1
test[13]                   11.0032 (1.82)          22.9960 (1.44)          14.2583 (1.45)       2.0629 (2.05)          13.6182 (1.36)       1.9954 (315.99)       11;5   70.1347 (0.69)         77           1
test[7]                    12.7304 (2.11)          23.9955 (1.50)          16.4517 (1.67)       2.7693 (2.76)          15.9518 (1.60)       4.1182 (652.14)       13;0   60.7839 (0.60)         69           1
test[9]                    15.2365 (2.52)          25.6663 (1.60)          18.7803 (1.91)       2.2348 (2.23)          17.9988 (1.80)       3.2108 (508.44)       13;1   53.2472 (0.52)         46           1
test[8]                    15.6003 (2.58)          26.0019 (1.63)          18.8235 (1.91)       2.9302 (2.92)          18.4246 (1.84)       5.9792 (946.84)       19;0   53.1251 (0.52)         63           1
test[16]                   17.9862 (2.98)          27.0140 (1.69)          20.6232 (2.09)       2.4629 (2.45)          20.2804 (2.03)       3.9693 (628.56)       27;0   48.4891 (0.48)         56           1
test[12]                   18.8125 (3.12)          26.9836 (1.69)          20.5452 (2.09)       2.3093 (2.30)          19.0033 (1.90)       3.1224 (494.44)       11;1   48.6731 (0.48)         53           1
test[10]                   19.5107 (3.23)          26.2295 (1.64)          21.3027 (2.16)       1.7626 (1.76)          20.0022 (2.00)       2.8820 (456.38)        7;0   46.9423 (0.46)         42           1
test[11]                   21.9813 (3.64)          29.9915 (1.87)          24.2122 (2.46)       2.1204 (2.11)          23.0031 (2.30)       1.9882 (314.84)       10;4   41.3015 (0.41)         42           1
test[17]                   30.1824 (5.00)          38.4424 (2.40)          32.4819 (3.30)       2.1808 (2.17)          31.0502 (3.11)       2.8889 (457.48)        7;1   30.7864 (0.30)         33           1
test[18]                   55.9968 (9.28)          61.7992 (3.86)          59.2809 (6.02)       1.8118 (1.80)          59.5522 (5.96)       2.7183 (430.45)        5;0   16.8688 (0.17)         18           1
test[19]                  113.9893 (18.88)        119.9240 (7.50)         115.6541 (11.74)      2.0337 (2.03)         115.0033 (11.50)      2.9465 (466.60)        1;0    8.6465 (0.09)          9           1
test[20]                  449.2031 (74.41)        457.0330 (28.57)        452.3638 (45.93)      2.8535 (2.84)         451.8686 (45.19)      2.1046 (333.27)        2;1    2.2106 (0.02)          5           1
test[21]                1,371.0141 (227.09)     1,372.9885 (85.82)      1,372.1723 (139.33)     1.0042 (1.0)        1,372.8255 (137.30)     1.8145 (287.33)        2;0    0.7288 (0.01)          5           1
test[22]                2,828.0117 (468.43)     2,838.7901 (177.45)     2,833.5955 (287.72)     4.0236 (4.01)       2,834.5743 (283.49)     5.1736 (819.26)        2;0    0.3529 (0.00)          5           1
test[23]                5,805.9101 (961.69)     5,813.9847 (363.42)     5,810.0992 (589.96)     3.3270 (3.31)       5,808.8851 (580.95)     5.2017 (823.71)        2;0    0.1721 (0.00)          5           1
test[24]               12,128.5464 (>1000.0)   12,174.4132 (761.00)    12,145.0041 (>1000.0)   17.5534 (17.48)     12,142.8291 (>1000.0)   17.6454 (>1000.0)       1;0    0.0823 (0.00)          5           1
test[25]               25,407.0882 (>1000.0)   25,461.3759 (>1000.0)   25,428.9662 (>1000.0)   21.9204 (21.83)     25,420.7032 (>1000.0)   32.6086 (>1000.0)       1;0    0.0393 (0.00)          5           1
test[26]               52,959.0195 (>1000.0)   53,880.1340 (>1000.0)   53,178.2163 (>1000.0)  393.6832 (392.04)    53,014.5723 (>1000.0)  271.7095 (>1000.0)       1;1    0.0188 (0.00)          5           1
test[27]              109,862.1155 (>1000.0)  110,568.8308 (>1000.0)  110,286.9888 (>1000.0)  303.8097 (302.54)   110,366.4770 (>1000.0)  513.6149 (>1000.0)       1;0    0.0091 (0.00)          5           1
--------------------------------------------------------------------------------------------------------------------------------------------------------------------------------------------------------------

Legend:
  Outliers: 1 Standard Deviation from Mean; 1.5 IQR (InterQuartile Range) from 1st Quartile and 3rd Quartile.
  OPS: Operations Per Second, computed as 1 / Mean
24 passed in 1715.52s (0:28:35)
