...................                                                      [100%]
Wrote benchmark data in: <_io.BufferedWriter name='f64_st.json'>


--------------------------------------------------------------------------------- benchmark 'circuit': 19 tests ----------------------------------------------------------------------------------
Name (time in ms)            Min                   Max                  Mean            StdDev                Median               IQR            Outliers       OPS            Rounds  Iterations
--------------------------------------------------------------------------------------------------------------------------------------------------------------------------------------------------
test[15]                  5.4943 (1.0)          5.8611 (1.0)          5.5680 (1.0)      0.0758 (2.06)         5.5358 (1.0)      0.0495 (1.81)        28;26  179.5977 (1.0)         175           1
test[4]                   5.5196 (1.00)         6.9692 (1.19)         5.5971 (1.01)     0.1076 (2.92)         5.5880 (1.01)     0.0273 (1.0)          2;10  178.6634 (0.99)        178           1
test[14]                  5.5857 (1.02)         5.9866 (1.02)         5.6585 (1.02)     0.0735 (2.00)         5.6286 (1.02)     0.0433 (1.59)        30;33  176.7258 (0.98)        177           1
test[5]                   6.8692 (1.25)         7.3806 (1.26)         7.0164 (1.26)     0.0539 (1.46)         7.0109 (1.27)     0.0275 (1.01)        19;15  142.5241 (0.79)        146           1
test[13]                  8.1123 (1.48)         8.5694 (1.46)         8.2136 (1.48)     0.0971 (2.64)         8.1726 (1.48)     0.1117 (4.09)         23;7  121.7498 (0.68)        121           1
test[6]                   8.3191 (1.51)         8.5567 (1.46)         8.4257 (1.51)     0.0368 (1.0)          8.4223 (1.52)     0.0366 (1.34)         32;6  118.6847 (0.66)        120           1
test[7]                   9.8878 (1.80)        10.1396 (1.73)        10.0053 (1.80)     0.0484 (1.32)        10.0140 (1.81)     0.0588 (2.15)         29;3   99.9469 (0.56)        101           1
test[8]                  11.3943 (2.07)        12.0299 (2.05)        11.5306 (2.07)     0.1086 (2.95)        11.5047 (2.08)     0.1148 (4.20)         21;4   86.7261 (0.48)         86           1
test[9]                  12.9663 (2.36)        18.6076 (3.17)        13.3306 (2.39)     0.6517 (17.71)       13.2039 (2.39)     0.1330 (4.87)          2;7   75.0155 (0.42)         76           1
test[12]                 12.9860 (2.36)        13.7004 (2.34)        13.1966 (2.37)     0.1440 (3.91)        13.1542 (2.38)     0.1850 (6.77)         19;2   75.7770 (0.42)         78           1
test[16]                 13.5448 (2.47)        15.0176 (2.56)        13.6678 (2.45)     0.1805 (4.91)        13.6224 (2.46)     0.1116 (4.09)          3;3   73.1645 (0.41)         74           1
test[10]                 14.7063 (2.68)        15.2602 (2.60)        14.8870 (2.67)     0.1134 (3.08)        14.8695 (2.69)     0.1435 (5.25)         20;2   67.1726 (0.37)         68           1
test[11]                 17.0259 (3.10)        18.3052 (3.12)        17.3470 (3.12)     0.2370 (6.44)        17.2794 (3.12)     0.1718 (6.29)         10;6   57.6468 (0.32)         59           1
test[17]                 38.6181 (7.03)        38.8126 (6.62)        38.6935 (6.95)     0.0619 (1.68)        38.6760 (6.99)     0.0986 (3.61)         11;0   25.8442 (0.14)         26           1
test[18]                 79.2973 (14.43)       79.4858 (13.56)       79.3807 (14.26)    0.0601 (1.63)        79.3621 (14.34)    0.1099 (4.02)          6;0   12.5975 (0.07)         13           1
test[19]                162.1907 (29.52)      162.6051 (27.74)      162.3991 (29.17)    0.1386 (3.77)       162.3656 (29.33)    0.1770 (6.48)          2;0    6.1577 (0.03)          7           1
test[20]                335.7410 (61.11)      336.0776 (57.34)      335.9087 (60.33)    0.1538 (4.18)       335.9100 (60.68)    0.2909 (10.65)         2;0    2.9770 (0.02)          5           1
test[21]                913.1049 (166.19)     915.6748 (156.23)     914.0290 (164.16)   0.9672 (26.29)      913.7693 (165.07)   0.7151 (26.17)         1;1    1.0941 (0.01)          5           1
test[22]              2,463.2843 (448.34)   2,467.2573 (420.95)   2,464.5405 (442.63)   1.5615 (42.44)    2,464.1376 (445.13)   1.2787 (46.80)         1;1    0.4058 (0.00)          5           1
--------------------------------------------------------------------------------------------------------------------------------------------------------------------------------------------------

Legend:
  Outliers: 1 Standard Deviation from Mean; 1.5 IQR (InterQuartile Range) from 1st Quartile and 3rd Quartile.
  OPS: Operations Per Second, computed as 1 / Mean
19 passed in 52.53s
